Archive member included to satisfy reference by file (symbol)

/usr/lib/gcc/arm-none-eabi/12.1.0/../../../../arm-none-eabi/lib/thumb/v7e-m+fp/softfp/libc_nano.a(lib_a-atexit.o)
                              /usr/lib/gcc/arm-none-eabi/12.1.0/../../../../arm-none-eabi/lib/thumb/v7e-m+fp/softfp/crt0.o (atexit)
/usr/lib/gcc/arm-none-eabi/12.1.0/../../../../arm-none-eabi/lib/thumb/v7e-m+fp/softfp/libc_nano.a(lib_a-exit.o)
                              /usr/lib/gcc/arm-none-eabi/12.1.0/../../../../arm-none-eabi/lib/thumb/v7e-m+fp/softfp/crt0.o (exit)
/usr/lib/gcc/arm-none-eabi/12.1.0/../../../../arm-none-eabi/lib/thumb/v7e-m+fp/softfp/libc_nano.a(lib_a-fini.o)
                              /usr/lib/gcc/arm-none-eabi/12.1.0/../../../../arm-none-eabi/lib/thumb/v7e-m+fp/softfp/crt0.o (__libc_fini_array)
/usr/lib/gcc/arm-none-eabi/12.1.0/../../../../arm-none-eabi/lib/thumb/v7e-m+fp/softfp/libc_nano.a(lib_a-impure.o)
                              /usr/lib/gcc/arm-none-eabi/12.1.0/../../../../arm-none-eabi/lib/thumb/v7e-m+fp/softfp/libc_nano.a(lib_a-exit.o) (_global_impure_ptr)
/usr/lib/gcc/arm-none-eabi/12.1.0/../../../../arm-none-eabi/lib/thumb/v7e-m+fp/softfp/libc_nano.a(lib_a-init.o)
                              /usr/lib/gcc/arm-none-eabi/12.1.0/../../../../arm-none-eabi/lib/thumb/v7e-m+fp/softfp/crt0.o (__libc_init_array)
/usr/lib/gcc/arm-none-eabi/12.1.0/../../../../arm-none-eabi/lib/thumb/v7e-m+fp/softfp/libc_nano.a(lib_a-memset.o)
                              /usr/lib/gcc/arm-none-eabi/12.1.0/../../../../arm-none-eabi/lib/thumb/v7e-m+fp/softfp/crt0.o (memset)
/usr/lib/gcc/arm-none-eabi/12.1.0/../../../../arm-none-eabi/lib/thumb/v7e-m+fp/softfp/libc_nano.a(lib_a-sprintf.o)
                              Debug/mcu_echo.o (sprintf)
/usr/lib/gcc/arm-none-eabi/12.1.0/../../../../arm-none-eabi/lib/thumb/v7e-m+fp/softfp/libc_nano.a(lib_a-strlen.o)
                              Debug/mcu_echo.o (strlen)
/usr/lib/gcc/arm-none-eabi/12.1.0/../../../../arm-none-eabi/lib/thumb/v7e-m+fp/softfp/libc_nano.a(lib_a-__atexit.o)
                              /usr/lib/gcc/arm-none-eabi/12.1.0/../../../../arm-none-eabi/lib/thumb/v7e-m+fp/softfp/libc_nano.a(lib_a-atexit.o) (__register_exitproc)
/usr/lib/gcc/arm-none-eabi/12.1.0/../../../../arm-none-eabi/lib/thumb/v7e-m+fp/softfp/libc_nano.a(lib_a-__call_atexit.o)
                              /usr/lib/gcc/arm-none-eabi/12.1.0/../../../../arm-none-eabi/lib/thumb/v7e-m+fp/softfp/libc_nano.a(lib_a-__atexit.o) (__call_exitprocs)
/usr/lib/gcc/arm-none-eabi/12.1.0/../../../../arm-none-eabi/lib/thumb/v7e-m+fp/softfp/libc_nano.a(lib_a-lock.o)
                              /usr/lib/gcc/arm-none-eabi/12.1.0/../../../../arm-none-eabi/lib/thumb/v7e-m+fp/softfp/libc_nano.a(lib_a-__atexit.o) (__retarget_lock_acquire_recursive)
/usr/lib/gcc/arm-none-eabi/12.1.0/../../../../arm-none-eabi/lib/thumb/v7e-m+fp/softfp/libc_nano.a(lib_a-nano-svfprintf.o)
                              /usr/lib/gcc/arm-none-eabi/12.1.0/../../../../arm-none-eabi/lib/thumb/v7e-m+fp/softfp/libc_nano.a(lib_a-sprintf.o) (_svfprintf_r)
/usr/lib/gcc/arm-none-eabi/12.1.0/../../../../arm-none-eabi/lib/thumb/v7e-m+fp/softfp/libc_nano.a(lib_a-nano-vfprintf_i.o)
                              /usr/lib/gcc/arm-none-eabi/12.1.0/../../../../arm-none-eabi/lib/thumb/v7e-m+fp/softfp/libc_nano.a(lib_a-nano-svfprintf.o) (_printf_i)
/usr/lib/gcc/arm-none-eabi/12.1.0/../../../../arm-none-eabi/lib/thumb/v7e-m+fp/softfp/libc_nano.a(lib_a-memchr.o)
                              /usr/lib/gcc/arm-none-eabi/12.1.0/../../../../arm-none-eabi/lib/thumb/v7e-m+fp/softfp/libc_nano.a(lib_a-nano-svfprintf.o) (memchr)
/usr/lib/gcc/arm-none-eabi/12.1.0/../../../../arm-none-eabi/lib/thumb/v7e-m+fp/softfp/libc_nano.a(lib_a-memcpy-stub.o)
                              /usr/lib/gcc/arm-none-eabi/12.1.0/../../../../arm-none-eabi/lib/thumb/v7e-m+fp/softfp/libc_nano.a(lib_a-nano-svfprintf.o) (memcpy)
/usr/lib/gcc/arm-none-eabi/12.1.0/../../../../arm-none-eabi/lib/thumb/v7e-m+fp/softfp/libc_nano.a(lib_a-memmove.o)
                              /usr/lib/gcc/arm-none-eabi/12.1.0/../../../../arm-none-eabi/lib/thumb/v7e-m+fp/softfp/libc_nano.a(lib_a-nano-svfprintf.o) (memmove)
/usr/lib/gcc/arm-none-eabi/12.1.0/../../../../arm-none-eabi/lib/thumb/v7e-m+fp/softfp/libc_nano.a(lib_a-nano-freer.o)
                              /usr/lib/gcc/arm-none-eabi/12.1.0/../../../../arm-none-eabi/lib/thumb/v7e-m+fp/softfp/libc_nano.a(lib_a-nano-svfprintf.o) (_free_r)
/usr/lib/gcc/arm-none-eabi/12.1.0/../../../../arm-none-eabi/lib/thumb/v7e-m+fp/softfp/libc_nano.a(lib_a-nano-mallocr.o)
                              /usr/lib/gcc/arm-none-eabi/12.1.0/../../../../arm-none-eabi/lib/thumb/v7e-m+fp/softfp/libc_nano.a(lib_a-nano-svfprintf.o) (_malloc_r)
/usr/lib/gcc/arm-none-eabi/12.1.0/../../../../arm-none-eabi/lib/thumb/v7e-m+fp/softfp/libc_nano.a(lib_a-nano-reallocr.o)
[...]
Memory Configuration

Name             Origin             Length             Attributes
RAM              0x0000000020000000 0x0000000000020000 xrw
FLASH            0x0000000008000000 0x0000000000080000 xr
*default*        0x0000000000000000 0xffffffffffffffff

Linker script and memory map

LOAD /usr/lib/gcc/arm-none-eabi/12.1.0/thumb/v7e-m+fp/softfp/crti.o
LOAD /usr/lib/gcc/arm-none-eabi/12.1.0/thumb/v7e-m+fp/softfp/crtbegin.o
LOAD /usr/lib/gcc/arm-none-eabi/12.1.0/../../../../arm-none-eabi/lib/thumb/v7e-m+fp/softfp/crt0.o
LOAD Debug/mcu_echo.o
LOAD Debug/uart.o
LOAD Debug/system_stm32f4xx.o
LOAD Debug/startup_stm32f411xe.o
LOAD /usr/lib/gcc/arm-none-eabi/12.1.0/../../../../arm-none-eabi/lib/thumb/v7e-m+fp/softfp/libc_nano.a
START GROUP
LOAD /usr/lib/gcc/arm-none-eabi/12.1.0/thumb/v7e-m+fp/softfp/libgcc.a
LOAD /usr/lib/gcc/arm-none-eabi/12.1.0/../../../../arm-none-eabi/lib/thumb/v7e-m+fp/softfp/libc_nano.a
END GROUP
START GROUP
LOAD /usr/lib/gcc/arm-none-eabi/12.1.0/thumb/v7e-m+fp/softfp/libgcc.a
LOAD /usr/lib/gcc/arm-none-eabi/12.1.0/../../../../arm-none-eabi/lib/thumb/v7e-m+fp/softfp/libc_nano.a
LOAD /usr/lib/gcc/arm-none-eabi/12.1.0/../../../../arm-none-eabi/lib/thumb/v7e-m+fp/softfp/libnosys.a
END GROUP
START GROUP
LOAD /usr/lib/gcc/arm-none-eabi/12.1.0/thumb/v7e-m+fp/softfp/libgcc.a
LOAD /usr/lib/gcc/arm-none-eabi/12.1.0/../../../../arm-none-eabi/lib/thumb/v7e-m+fp/softfp/libc_nano.a
LOAD /usr/lib/gcc/arm-none-eabi/12.1.0/../../../../arm-none-eabi/lib/thumb/v7e-m+fp/softfp/libnosys.a
END GROUP
LOAD /usr/lib/gcc/arm-none-eabi/12.1.0/thumb/v7e-m+fp/softfp/crtend.o
LOAD /usr/lib/gcc/arm-none-eabi/12.1.0/thumb/v7e-m+fp/softfp/crtn.o
                0x0000000020020000                _estack = (ORIGIN (RAM) + LENGTH (RAM))
                0x0000000000000200                _Min_Heap_Size = 0x200
                0x0000000000000400                _Min_Stack_Size = 0x400

.isr_vector     0x0000000008000000      0x198
                0x0000000008000000                . = ALIGN (0x4)
 *(.isr_vector)
 .isr_vector    0x0000000008000000      0x198 Debug/startup_stm32f411xe.o
                0x0000000008000000                g_pfnVectors
                0x0000000008000198                . = ALIGN (0x4)

.text           0x00000000080001a0      0xef0
                0x00000000080001a0                . = ALIGN (0x4)
 *(.text)
 .text          0x00000000080001a0       0x10 /usr/lib/gcc/arm-none-eabi/12.1.0/../../../../arm-none-eabi/lib/thumb/v7e-m+fp/softfp/libc_nano.a(lib_a-strlen.o)
                0x00000000080001a0                strlen
 .text          0x00000000080001b0       0xa0 /usr/lib/gcc/arm-none-eabi/12.1.0/../../../../arm-none-eabi/lib/thumb/v7e-m+fp/softfp/libc_nano.a(lib_a-memchr.o)
                0x00000000080001b0                memchr
 *(.text*)
 .text.__do_global_dtors_aux
                0x0000000008000250       0x24 /usr/lib/gcc/arm-none-eabi/12.1.0/thumb/v7e-m+fp/softfp/crtbegin.o
 .text.frame_dummy
                0x0000000008000274       0x1c /usr/lib/gcc/arm-none-eabi/12.1.0/thumb/v7e-m+fp/softfp/crtbegin.o
 .text.msg_offset
                0x0000000008000290        0xe Debug/mcu_echo.o
 *fill*         0x000000000800029e        0x2 
 .text.main     0x00000000080002a0      0x138 Debug/mcu_echo.o
                0x00000000080002a0                main
 .text.uart_send
                0x00000000080003d8       0x58 Debug/uart.o
                0x00000000080003d8                uart_send
 .text.uart_receive
                0x0000000008000430       0x58 Debug/uart.o
                0x0000000008000430                uart_receive
 .text.uart_pin_setup
                0x0000000008000488       0x54 Debug/uart.o
 .text.led_on   0x00000000080004dc       0x28 Debug/uart.o
                0x00000000080004dc                led_on
 .text.led_off  0x0000000008000504       0x28 Debug/uart.o
                0x0000000008000504                led_off
 .text.led_init
                0x000000000800052c       0x3c Debug/uart.o
                0x000000000800052c                led_init
 .text.uart_enable
                0x0000000008000568       0x48 Debug/uart.o
 .text.uart_init
                0x00000000080005b0       0x12 Debug/uart.o
                0x00000000080005b0                uart_init
 *fill*         0x00000000080005c2        0x2 
 .text.SystemInit
                0x00000000080005c4       0x5c Debug/system_stm32f4xx.o
                0x00000000080005c4                SystemInit
 .text.set_sysclk_to_100
                0x0000000008000620       0xc4 Debug/system_stm32f4xx.o
                0x0000000008000620                set_sysclk_to_100
 .text.Reset_Handler
                0x00000000080006e4       0x50 Debug/startup_stm32f411xe.o
                0x00000000080006e4                Reset_Handler
 .text.Default_Handler
                0x0000000008000734        0x2 Debug/startup_stm32f411xe.o
                0x0000000008000734                RTC_Alarm_IRQHandler
                0x0000000008000734                EXTI2_IRQHandler
                0x0000000008000734                DebugMon_Handler
                0x0000000008000734                SPI4_IRQHandler
                0x0000000008000734                TIM1_CC_IRQHandler
                0x0000000008000734                DMA2_Stream5_IRQHandler
                0x0000000008000734                HardFault_Handler
                0x0000000008000734                DMA1_Stream5_IRQHandler
                0x0000000008000734                SysTick_Handler
                0x0000000008000734                PVD_IRQHandler
                0x0000000008000734                SDIO_IRQHandler
                0x0000000008000734                TAMP_STAMP_IRQHandler
                0x0000000008000734                PendSV_Handler
                0x0000000008000734                NMI_Handler
                0x0000000008000734                EXTI3_IRQHandler
                0x0000000008000734                TIM1_UP_TIM10_IRQHandler
                0x0000000008000734                I2C3_ER_IRQHandler
                0x0000000008000734                EXTI0_IRQHandler
                0x0000000008000734                I2C2_EV_IRQHandler
                0x0000000008000734                DMA1_Stream2_IRQHandler
                0x0000000008000734                FPU_IRQHandler
                0x0000000008000734                UsageFault_Handler
                0x0000000008000734                DMA2_Stream2_IRQHandler
                0x0000000008000734                SPI1_IRQHandler
                0x0000000008000734                TIM1_BRK_TIM9_IRQHandler
                0x0000000008000734                DMA2_Stream3_IRQHandler
                0x0000000008000734                USART6_IRQHandler
                0x0000000008000734                DMA2_Stream0_IRQHandler
                0x0000000008000734                TIM4_IRQHandler
                0x0000000008000734                I2C1_EV_IRQHandler
                0x0000000008000734                DMA1_Stream6_IRQHandler
                0x0000000008000734                DMA1_Stream1_IRQHandler
                0x0000000008000734                TIM3_IRQHandler
                0x0000000008000734                RCC_IRQHandler
                0x0000000008000734                Default_Handler
                0x0000000008000734                EXTI15_10_IRQHandler
                0x0000000008000734                ADC_IRQHandler
                0x0000000008000734                DMA1_Stream7_IRQHandler
                0x0000000008000734                SPI5_IRQHandler
                0x0000000008000734                TIM5_IRQHandler
                0x0000000008000734                DMA2_Stream7_IRQHandler
                0x0000000008000734                I2C3_EV_IRQHandler
                0x0000000008000734                EXTI9_5_IRQHandler
                0x0000000008000734                RTC_WKUP_IRQHandler
                0x0000000008000734                SPI2_IRQHandler
                0x0000000008000734                MemManage_Handler
                0x0000000008000734                DMA1_Stream0_IRQHandler
                0x0000000008000734                SVC_Handler
                0x0000000008000734                EXTI4_IRQHandler
                0x0000000008000734                WWDG_IRQHandler
                0x0000000008000734                TIM2_IRQHandler
                0x0000000008000734                OTG_FS_WKUP_IRQHandler
                0x0000000008000734                TIM1_TRG_COM_TIM11_IRQHandler
                0x0000000008000734                EXTI1_IRQHandler
                0x0000000008000734                USART2_IRQHandler
                0x0000000008000734                I2C2_ER_IRQHandler
                0x0000000008000734                DMA2_Stream1_IRQHandler
                0x0000000008000734                FLASH_IRQHandler
                0x0000000008000734                DMA2_Stream4_IRQHandler
                0x0000000008000734                BusFault_Handler
                0x0000000008000734                USART1_IRQHandler
                0x0000000008000734                OTG_FS_IRQHandler
                0x0000000008000734                SPI3_IRQHandler
                0x0000000008000734                DMA1_Stream4_IRQHandler
                0x0000000008000734                I2C1_ER_IRQHandler
                0x0000000008000734                DMA2_Stream6_IRQHandler
                0x0000000008000734                DMA1_Stream3_IRQHandler
 *fill*         0x0000000008000736        0x2 
 .text.__libc_init_array
                0x0000000008000738       0x48 /usr/lib/gcc/arm-none-eabi/12.1.0/../../../../arm-none-eabi/lib/thumb/v7e-m+fp/softfp/libc_nano.a(lib_a-init.o)
                0x0000000008000738                __libc_init_array
 .text.memset   0x0000000008000780       0x10 /usr/lib/gcc/arm-none-eabi/12.1.0/../../../../arm-none-eabi/lib/thumb/v7e-m+fp/softfp/libc_nano.a(lib_a-memset.o)
                0x0000000008000780                memset
 .text.sprintf  0x0000000008000790       0x40 /usr/lib/gcc/arm-none-eabi/12.1.0/../../../../arm-none-eabi/lib/thumb/v7e-m+fp/softfp/libc_nano.a(lib_a-sprintf.o)
                0x0000000008000790                sprintf
                0x0000000008000790                siprintf
 .text.__retarget_lock_acquire_recursive
                0x00000000080007d0        0x2 /usr/lib/gcc/arm-none-eabi/12.1.0/../../../../arm-none-eabi/lib/thumb/v7e-m+fp/softfp/libc_nano.a(lib_a-lock.o)
                0x00000000080007d0                __retarget_lock_acquire_recursive
 .text.__retarget_lock_release_recursive
                0x00000000080007d2        0x2 /usr/lib/gcc/arm-none-eabi/12.1.0/../../../../arm-none-eabi/lib/thumb/v7e-m+fp/softfp/libc_nano.a(lib_a-lock.o)
                0x00000000080007d2                __retarget_lock_release_recursive
 .text.__ssputs_r
                0x00000000080007d4       0xb4 /usr/lib/gcc/arm-none-eabi/12.1.0/../../../../arm-none-eabi/lib/thumb/v7e-m+fp/softfp/libc_nano.a(lib_a-nano-svfprintf.o)
                0x00000000080007d4                __ssputs_r
 .text._svfprintf_r
                0x0000000008000888      0x1fc /usr/lib/gcc/arm-none-eabi/12.1.0/../../../../arm-none-eabi/lib/thumb/v7e-m+fp/softfp/libc_nano.a(lib_a-nano-svfprintf.o)
                0x0000000008000888                _svfprintf_r
                0x0000000008000888                _svfiprintf_r
 .text._printf_common
                0x0000000008000a84       0xda /usr/lib/gcc/arm-none-eabi/12.1.0/../../../../arm-none-eabi/lib/thumb/v7e-m+fp/softfp/libc_nano.a(lib_a-nano-vfprintf_i.o)
                0x0000000008000a84                _printf_common
 *fill*         0x0000000008000b5e        0x2 
 .text._printf_i
                0x0000000008000b60      0x244 /usr/lib/gcc/arm-none-eabi/12.1.0/../../../../arm-none-eabi/lib/thumb/v7e-m+fp/softfp/libc_nano.a(lib_a-nano-vfprintf_i.o)
                0x0000000008000b60                _printf_i
 .text.memcpy   0x0000000008000da4       0x1c /usr/lib/gcc/arm-none-eabi/12.1.0/../../../../arm-none-eabi/lib/thumb/v7e-m+fp/softfp/libc_nano.a(lib_a-memcpy-stub.o)
                0x0000000008000da4                memcpy
 .text.memmove  0x0000000008000dc0       0x34 /usr/lib/gcc/arm-none-eabi/12.1.0/../../../../arm-none-eabi/lib/thumb/v7e-m+fp/softfp/libc_nano.a(lib_a-memmove.o)
                0x0000000008000dc0                memmove
 .text._free_r  0x0000000008000df4       0x98 /usr/lib/gcc/arm-none-eabi/12.1.0/../../../../arm-none-eabi/lib/thumb/v7e-m+fp/softfp/libc_nano.a(lib_a-nano-freer.o)
                0x0000000008000df4                _free_r
 .text.sbrk_aligned
                0x0000000008000e8c       0x40 /usr/lib/gcc/arm-none-eabi/12.1.0/../../../../arm-none-eabi/lib/thumb/v7e-m+fp/softfp/libc_nano.a(lib_a-nano-mallocr.o)
 .text._malloc_r
                0x0000000008000ecc       0xe8 /usr/lib/gcc/arm-none-eabi/12.1.0/../../../../arm-none-eabi/lib/thumb/v7e-m+fp/softfp/libc_nano.a(lib_a-nano-mallocr.o)
                0x0000000008000ecc                _malloc_r
 .text._realloc_r
                0x0000000008000fb4       0x5e /usr/lib/gcc/arm-none-eabi/12.1.0/../../../../arm-none-eabi/lib/thumb/v7e-m+fp/softfp/libc_nano.a(lib_a-nano-reallocr.o)
                0x0000000008000fb4                _realloc_r
 *fill*         0x0000000008001012        0x2 
 .text._sbrk_r  0x0000000008001014       0x20 /usr/lib/gcc/arm-none-eabi/12.1.0/../../../../arm-none-eabi/lib/thumb/v7e-m+fp/softfp/libc_nano.a(lib_a-sbrkr.o)
                0x0000000008001014                _sbrk_r
 .text.__malloc_lock
                0x0000000008001034        0xc /usr/lib/gcc/arm-none-eabi/12.1.0/../../../../arm-none-eabi/lib/thumb/v7e-m+fp/softfp/libc_nano.a(lib_a-mlock.o)
                0x0000000008001034                __malloc_lock
 .text.__malloc_unlock
                0x0000000008001040        0xc /usr/lib/gcc/arm-none-eabi/12.1.0/../../../../arm-none-eabi/lib/thumb/v7e-m+fp/softfp/libc_nano.a(lib_a-mlock.o)
                0x0000000008001040                __malloc_unlock
 .text._malloc_usable_size_r
                0x000000000800104c       0x10 /usr/lib/gcc/arm-none-eabi/12.1.0/../../../../arm-none-eabi/lib/thumb/v7e-m+fp/softfp/libc_nano.a(lib_a-nano-msizer.o)
                0x000000000800104c                _malloc_usable_size_r
 .text._sbrk    0x000000000800105c       0x1c /usr/lib/gcc/arm-none-eabi/12.1.0/../../../../arm-none-eabi/lib/thumb/v7e-m+fp/softfp/libnosys.a(sbrk.o)
                0x000000000800105c                _sbrk
 *(.glue_7)
 .glue_7        0x0000000008001078        0x0 linker stubs
 *(.glue_7t)
 .glue_7t       0x0000000008001078        0x0 linker stubs
 *(.eh_frame)
 .eh_frame      0x0000000008001078        0x0 /usr/lib/gcc/arm-none-eabi/12.1.0/thumb/v7e-m+fp/softfp/crtbegin.o
 *(.init)
 .init          0x0000000008001078        0x4 /usr/lib/gcc/arm-none-eabi/12.1.0/thumb/v7e-m+fp/softfp/crti.o
                0x0000000008001078                _init
 .init          0x000000000800107c        0x8 /usr/lib/gcc/arm-none-eabi/12.1.0/thumb/v7e-m+fp/softfp/crtn.o
 *(.fini)
 .fini          0x0000000008001084        0x4 /usr/lib/gcc/arm-none-eabi/12.1.0/thumb/v7e-m+fp/softfp/crti.o
                0x0000000008001084                _fini
 .fini          0x0000000008001088        0x8 /usr/lib/gcc/arm-none-eabi/12.1.0/thumb/v7e-m+fp/softfp/crtn.o
                0x0000000008001090                . = ALIGN (0x4)
                0x0000000008001090                _etext = .

.vfp11_veneer   0x0000000008001090        0x0
 .vfp11_veneer  0x0000000008001090        0x0 linker stubs

.v4_bx          0x0000000008001090        0x0
 .v4_bx         0x0000000008001090        0x0 linker stubs

.iplt           0x0000000008001090        0x0
 .iplt          0x0000000008001090        0x0 /usr/lib/gcc/arm-none-eabi/12.1.0/thumb/v7e-m+fp/softfp/crtbegin.o

.rodata         0x0000000008001090       0xb4
                0x0000000008001090                . = ALIGN (0x4)
 *(.rodata)
 .rodata        0x0000000008001090       0x7f Debug/mcu_echo.o
 *(.rodata*)
 .rodata._svfprintf_r.str1.1
                0x000000000800110f       0x11 /usr/lib/gcc/arm-none-eabi/12.1.0/../../../../arm-none-eabi/lib/thumb/v7e-m+fp/softfp/libc_nano.a(lib_a-nano-svfprintf.o)
 .rodata._printf_i.str1.1
                0x0000000008001120       0x22 /usr/lib/gcc/arm-none-eabi/12.1.0/../../../../arm-none-eabi/lib/thumb/v7e-m+fp/softfp/libc_nano.a(lib_a-nano-vfprintf_i.o)
                0x0000000008001144                . = ALIGN (0x4)
 *fill*         0x0000000008001142        0x2 

.rel.dyn        0x0000000008001144        0x0
 .rel.iplt      0x0000000008001144        0x0 /usr/lib/gcc/arm-none-eabi/12.1.0/thumb/v7e-m+fp/softfp/crtbegin.o

.ARM.extab      0x0000000008001144        0x0
                0x0000000008001144                . = ALIGN (0x4)
 *(.ARM.extab* .gnu.linkonce.armextab.*)
                0x0000000008001144                . = ALIGN (0x4)

.ARM            0x0000000008001144        0x0
                0x0000000008001144                . = ALIGN (0x4)
                0x0000000008001144                __exidx_start = .
 *(.ARM.exidx*)
                0x0000000008001144                __exidx_end = .
                0x0000000008001144                . = ALIGN (0x4)

.preinit_array  0x0000000008001144        0x0
                0x0000000008001144                . = ALIGN (0x4)
                0x0000000008001144                PROVIDE (__preinit_array_start = .)
 *(.preinit_array*)
                0x0000000008001144                PROVIDE (__preinit_array_end = .)
                0x0000000008001144                . = ALIGN (0x4)

.init_array     0x0000000008001144        0x4
                0x0000000008001144                . = ALIGN (0x4)
                0x0000000008001144                PROVIDE (__init_array_start = .)
 *(SORT_BY_NAME(.init_array.*))
 *(.init_array*)
 .init_array    0x0000000008001144        0x4 /usr/lib/gcc/arm-none-eabi/12.1.0/thumb/v7e-m+fp/softfp/crtbegin.o
                0x0000000008001148                PROVIDE (__init_array_end = .)
                0x0000000008001148                . = ALIGN (0x4)

.fini_array     0x0000000008001148        0x4
                0x0000000008001148                . = ALIGN (0x4)
                0x0000000008001148                PROVIDE (__fini_array_start = .)
 *(SORT_BY_NAME(.fini_array.*))
 *(.fini_array*)
 .fini_array    0x0000000008001148        0x4 /usr/lib/gcc/arm-none-eabi/12.1.0/thumb/v7e-m+fp/softfp/crtbegin.o
                0x000000000800114c                PROVIDE (__fini_array_end = .)
                0x000000000800114c                . = ALIGN (0x4)
                0x000000000800114c                _sidata = LOADADDR (.data)

.data           0x0000000020000000       0x68 load address 0x000000000800114c
                0x0000000020000000                . = ALIGN (0x4)
                0x0000000020000000                _sdata = .
 *(.data)
 *(.data*)
 .data.SystemCoreClock
                0x0000000020000000        0x4 Debug/system_stm32f4xx.o
                0x0000000020000000                SystemCoreClock
 .data._impure_ptr
                0x0000000020000004        0x4 /usr/lib/gcc/arm-none-eabi/12.1.0/../../../../arm-none-eabi/lib/thumb/v7e-m+fp/softfp/libc_nano.a(lib_a-impure.o)
                0x0000000020000004                _impure_ptr
 .data.impure_data
                0x0000000020000008       0x60 /usr/lib/gcc/arm-none-eabi/12.1.0/../../../../arm-none-eabi/lib/thumb/v7e-m+fp/softfp/libc_nano.a(lib_a-impure.o)
 *(.RamFunc)
 *(.RamFunc*)
                0x0000000020000068                . = ALIGN (0x4)
                0x0000000020000068                _edata = .

.igot.plt       0x0000000020000068        0x0 load address 0x00000000080011b4
 .igot.plt      0x0000000020000068        0x0 /usr/lib/gcc/arm-none-eabi/12.1.0/thumb/v7e-m+fp/softfp/crtbegin.o
                0x0000000020000068                . = ALIGN (0x4)

.bss            0x0000000020000068      0x430 load address 0x00000000080011b4
                0x0000000020000068                _sbss = .
                0x0000000020000068                __bss_start__ = _sbss
 *(.bss)
 *(.bss*)
 .bss.completed.1
                0x0000000020000068        0x1 /usr/lib/gcc/arm-none-eabi/12.1.0/thumb/v7e-m+fp/softfp/crtbegin.o
 *fill*         0x0000000020000069        0x3 
 .bss.object.0  0x000000002000006c       0x18 /usr/lib/gcc/arm-none-eabi/12.1.0/thumb/v7e-m+fp/softfp/crtbegin.o
 .bss.msg_buffer
                0x0000000020000084      0x400 Debug/uart.o
                0x0000000020000084                msg_buffer
 .bss.__lock___malloc_recursive_mutex
                0x0000000020000484        0x1 /usr/lib/gcc/arm-none-eabi/12.1.0/../../../../arm-none-eabi/lib/thumb/v7e-m+fp/softfp/libc_nano.a(lib_a-lock.o)
                0x0000000020000484                __lock___malloc_recursive_mutex
 *fill*         0x0000000020000485        0x3 
 .bss.__malloc_free_list
                0x0000000020000488        0x4 /usr/lib/gcc/arm-none-eabi/12.1.0/../../../../arm-none-eabi/lib/thumb/v7e-m+fp/softfp/libc_nano.a(lib_a-nano-mallocr.o)
                0x0000000020000488                __malloc_free_list
 .bss.__malloc_sbrk_start
                0x000000002000048c        0x4 /usr/lib/gcc/arm-none-eabi/12.1.0/../../../../arm-none-eabi/lib/thumb/v7e-m+fp/softfp/libc_nano.a(lib_a-nano-mallocr.o)
                0x000000002000048c                __malloc_sbrk_start
 .bss.errno     0x0000000020000490        0x4 /usr/lib/gcc/arm-none-eabi/12.1.0/../../../../arm-none-eabi/lib/thumb/v7e-m+fp/softfp/libc_nano.a(lib_a-reent.o)
                0x0000000020000490                errno
 .bss.heap_end.0
                0x0000000020000494        0x4 /usr/lib/gcc/arm-none-eabi/12.1.0/../../../../arm-none-eabi/lib/thumb/v7e-m+fp/softfp/libnosys.a(sbrk.o)
 *(COMMON)
                0x0000000020000498                . = ALIGN (0x4)
                0x0000000020000498                _ebss = .
                0x0000000020000498                __bss_end__ = _ebss

._user_heap_stack
                0x0000000020000498      0x600 load address 0x00000000080011b4
                0x0000000020000498                . = ALIGN (0x8)
                0x0000000020000498                PROVIDE (end = .)
                [!provide]                        PROVIDE (_end = .)
                0x0000000020000698                . = (. + _Min_Heap_Size)
 *fill*         0x0000000020000498      0x200 
                0x0000000020000a98                . = (. + _Min_Stack_Size)
 *fill*         0x0000000020000698      0x400 
                0x0000000020000a98                . = ALIGN (0x8)

/DISCARD/
 libc.a(*)
 libm.a(*)
 libgcc.a(*)

.ARM.attributes
                0x0000000000000000       0x2e
 *(.ARM.attributes)
 .ARM.attributes
                0x0000000000000000       0x22 /usr/lib/gcc/arm-none-eabi/12.1.0/thumb/v7e-m+fp/softfp/crti.o
 .ARM.attributes
                0x0000000000000022       0x32 /usr/lib/gcc/arm-none-eabi/12.1.0/thumb/v7e-m+fp/softfp/crtbegin.o
 .ARM.attributes
                0x0000000000000054       0x32 Debug/mcu_echo.o
 .ARM.attributes
                0x0000000000000086       0x32 Debug/uart.o
 .ARM.attributes
                0x00000000000000b8       0x32 Debug/system_stm32f4xx.o
 .ARM.attributes
                0x00000000000000ea       0x21 Debug/startup_stm32f411xe.o
 .ARM.attributes
                0x000000000000010b       0x30 /usr/lib/gcc/arm-none-eabi/12.1.0/../../../../arm-none-eabi/lib/thumb/v7e-m+fp/softfp/libc_nano.a(lib_a-impure.o)
 .ARM.attributes
                0x000000000000013b       0x32 /usr/lib/gcc/arm-none-eabi/12.1.0/../../../../arm-none-eabi/lib/thumb/v7e-m+fp/softfp/libc_nano.a(lib_a-init.o)
 .ARM.attributes
                0x000000000000016d       0x32 /usr/lib/gcc/arm-none-eabi/12.1.0/../../../../arm-none-eabi/lib/thumb/v7e-m+fp/softfp/libc_nano.a(lib_a-memset.o)
 .ARM.attributes
                0x000000000000019f       0x32 /usr/lib/gcc/arm-none-eabi/12.1.0/../../../../arm-none-eabi/lib/thumb/v7e-m+fp/softfp/libc_nano.a(lib_a-sprintf.o)
 .ARM.attributes
                0x00000000000001d1       0x17 /usr/lib/gcc/arm-none-eabi/12.1.0/../../../../arm-none-eabi/lib/thumb/v7e-m+fp/softfp/libc_nano.a(lib_a-strlen.o)
 .ARM.attributes
                0x00000000000001e8       0x32 /usr/lib/gcc/arm-none-eabi/12.1.0/../../../../arm-none-eabi/lib/thumb/v7e-m+fp/softfp/libc_nano.a(lib_a-lock.o)
 .ARM.attributes
                0x000000000000021a       0x32 /usr/lib/gcc/arm-none-eabi/12.1.0/../../../../arm-none-eabi/lib/thumb/v7e-m+fp/softfp/libc_nano.a(lib_a-nano-svfprintf.o)
 .ARM.attributes
                0x000000000000024c       0x32 /usr/lib/gcc/arm-none-eabi/12.1.0/../../../../arm-none-eabi/lib/thumb/v7e-m+fp/softfp/libc_nano.a(lib_a-nano-vfprintf_i.o)
 .ARM.attributes
                0x000000000000027e       0x1c /usr/lib/gcc/arm-none-eabi/12.1.0/../../../../arm-none-eabi/lib/thumb/v7e-m+fp/softfp/libc_nano.a(lib_a-memchr.o)
 .ARM.attributes
                0x000000000000029a       0x32 /usr/lib/gcc/arm-none-eabi/12.1.0/../../../../arm-none-eabi/lib/thumb/v7e-m+fp/softfp/libc_nano.a(lib_a-memcpy-stub.o)
 .ARM.attributes
                0x00000000000002cc       0x32 /usr/lib/gcc/arm-none-eabi/12.1.0/../../../../arm-none-eabi/lib/thumb/v7e-m+fp/softfp/libc_nano.a(lib_a-memmove.o)
 .ARM.attributes
                0x00000000000002fe       0x32 /usr/lib/gcc/arm-none-eabi/12.1.0/../../../../arm-none-eabi/lib/thumb/v7e-m+fp/softfp/libc_nano.a(lib_a-nano-freer.o)
 .ARM.attributes
                0x0000000000000330       0x32 /usr/lib/gcc/arm-none-eabi/12.1.0/../../../../arm-none-eabi/lib/thumb/v7e-m+fp/softfp/libc_nano.a(lib_a-nano-mallocr.o)
 .ARM.attributes
                0x0000000000000362       0x32 /usr/lib/gcc/arm-none-eabi/12.1.0/../../../../arm-none-eabi/lib/thumb/v7e-m+fp/softfp/libc_nano.a(lib_a-nano-reallocr.o)
 .ARM.attributes
                0x0000000000000394       0x32 /usr/lib/gcc/arm-none-eabi/12.1.0/../../../../arm-none-eabi/lib/thumb/v7e-m+fp/softfp/libc_nano.a(lib_a-sbrkr.o)
 .ARM.attributes
                0x00000000000003c6       0x32 /usr/lib/gcc/arm-none-eabi/12.1.0/../../../../arm-none-eabi/lib/thumb/v7e-m+fp/softfp/libc_nano.a(lib_a-mlock.o)
 .ARM.attributes
                0x00000000000003f8       0x32 /usr/lib/gcc/arm-none-eabi/12.1.0/../../../../arm-none-eabi/lib/thumb/v7e-m+fp/softfp/libc_nano.a(lib_a-nano-msizer.o)
 .ARM.attributes
                0x000000000000042a       0x32 /usr/lib/gcc/arm-none-eabi/12.1.0/../../../../arm-none-eabi/lib/thumb/v7e-m+fp/softfp/libc_nano.a(lib_a-reent.o)
 .ARM.attributes
                0x000000000000045c       0x32 /usr/lib/gcc/arm-none-eabi/12.1.0/../../../../arm-none-eabi/lib/thumb/v7e-m+fp/softfp/libnosys.a(sbrk.o)
 .ARM.attributes
                0x000000000000048e       0x22 /usr/lib/gcc/arm-none-eabi/12.1.0/thumb/v7e-m+fp/softfp/crtn.o
OUTPUT(Debug/mcu_echo.elf elf32-littlearm)
LOAD linker stubs
LOAD /usr/lib/gcc/arm-none-eabi/12.1.0/../../../../arm-none-eabi/lib/thumb/v7e-m+fp/softfp/libc.a
LOAD /usr/lib/gcc/arm-none-eabi/12.1.0/../../../../arm-none-eabi/lib/thumb/v7e-m+fp/softfp/libm.a
LOAD /usr/lib/gcc/arm-none-eabi/12.1.0/thumb/v7e-m+fp/softfp/libgcc.a

.debug_info     0x0000000000000000     0x819b
 .debug_info    0x0000000000000000      0x236 Debug/mcu_echo.o
 .debug_info    0x0000000000000236      0x602 Debug/uart.o
 .debug_info    0x0000000000000838      0x5be Debug/system_stm32f4xx.o
 .debug_info    0x0000000000000df6       0x22 Debug/startup_stm32f411xe.o
 .debug_info    0x0000000000000e18      0x806 /usr/lib/gcc/arm-none-eabi/12.1.0/../../../../arm-none-eabi/lib/thumb/v7e-m+fp/softfp/libc_nano.a(lib_a-impure.o)
 .debug_info    0x000000000000161e      0x10b /usr/lib/gcc/arm-none-eabi/12.1.0/../../../../arm-none-eabi/lib/thumb/v7e-m+fp/softfp/libc_nano.a(lib_a-init.o)
 .debug_info    0x0000000000001729       0xe0 /usr/lib/gcc/arm-none-eabi/12.1.0/../../../../arm-none-eabi/lib/thumb/v7e-m+fp/softfp/libc_nano.a(lib_a-memset.o)
 .debug_info    0x0000000000001809      0x8df /usr/lib/gcc/arm-none-eabi/12.1.0/../../../../arm-none-eabi/lib/thumb/v7e-m+fp/softfp/libc_nano.a(lib_a-sprintf.o)
 .debug_info    0x00000000000020e8       0x24 /usr/lib/gcc/arm-none-eabi/12.1.0/../../../../arm-none-eabi/lib/thumb/v7e-m+fp/softfp/libc_nano.a(lib_a-strlen.o)
 .debug_info    0x000000000000210c      0x21a /usr/lib/gcc/arm-none-eabi/12.1.0/../../../../arm-none-eabi/lib/thumb/v7e-m+fp/softfp/libc_nano.a(lib_a-lock.o)
 .debug_info    0x0000000000002326     0x1124 /usr/lib/gcc/arm-none-eabi/12.1.0/../../../../arm-none-eabi/lib/thumb/v7e-m+fp/softfp/libc_nano.a(lib_a-nano-svfprintf.o)
 .debug_info    0x000000000000344a      0xe42 /usr/lib/gcc/arm-none-eabi/12.1.0/../../../../arm-none-eabi/lib/thumb/v7e-m+fp/softfp/libc_nano.a(lib_a-nano-vfprintf_i.o)
 .debug_info    0x000000000000428c       0x25 /usr/lib/gcc/arm-none-eabi/12.1.0/../../../../arm-none-eabi/lib/thumb/v7e-m+fp/softfp/libc_nano.a(lib_a-memchr.o)
 .debug_info    0x00000000000042b1      0x121 /usr/lib/gcc/arm-none-eabi/12.1.0/../../../../arm-none-eabi/lib/thumb/v7e-m+fp/softfp/libc_nano.a(lib_a-memcpy-stub.o)
 .debug_info    0x00000000000043d2      0x10f /usr/lib/gcc/arm-none-eabi/12.1.0/../../../../arm-none-eabi/lib/thumb/v7e-m+fp/softfp/libc_nano.a(lib_a-memmove.o)
 .debug_info    0x00000000000044e1      0x8a6 /usr/lib/gcc/arm-none-eabi/12.1.0/../../../../arm-none-eabi/lib/thumb/v7e-m+fp/softfp/libc_nano.a(lib_a-nano-freer.o)
 .debug_info    0x0000000000004d87      0xa1c /usr/lib/gcc/arm-none-eabi/12.1.0/../../../../arm-none-eabi/lib/thumb/v7e-m+fp/softfp/libc_nano.a(lib_a-nano-mallocr.o)
 .debug_info    0x00000000000057a3      0x927 /usr/lib/gcc/arm-none-eabi/12.1.0/../../../../arm-none-eabi/lib/thumb/v7e-m+fp/softfp/libc_nano.a(lib_a-nano-reallocr.o)
 .debug_info    0x00000000000060ca      0x7dc /usr/lib/gcc/arm-none-eabi/12.1.0/../../../../arm-none-eabi/lib/thumb/v7e-m+fp/softfp/libc_nano.a(lib_a-sbrkr.o)
 .debug_info    0x00000000000068a6      0x7cb /usr/lib/gcc/arm-none-eabi/12.1.0/../../../../arm-none-eabi/lib/thumb/v7e-m+fp/softfp/libc_nano.a(lib_a-mlock.o)
 .debug_info    0x0000000000007071      0x7f4 /usr/lib/gcc/arm-none-eabi/12.1.0/../../../../arm-none-eabi/lib/thumb/v7e-m+fp/softfp/libc_nano.a(lib_a-nano-msizer.o)
 .debug_info    0x0000000000007865      0x936 /usr/lib/gcc/arm-none-eabi/12.1.0/../../../../arm-none-eabi/lib/thumb/v7e-m+fp/softfp/libc_nano.a(lib_a-reent.o)

.debug_abbrev   0x0000000000000000     0x1f57
 .debug_abbrev  0x0000000000000000      0x150 Debug/mcu_echo.o
 .debug_abbrev  0x0000000000000150      0x1cb Debug/uart.o
 .debug_abbrev  0x000000000000031b       0xf9 Debug/system_stm32f4xx.o
 .debug_abbrev  0x0000000000000414       0x12 Debug/startup_stm32f411xe.o
 .debug_abbrev  0x0000000000000426      0x15a /usr/lib/gcc/arm-none-eabi/12.1.0/../../../../arm-none-eabi/lib/thumb/v7e-m+fp/softfp/libc_nano.a(lib_a-impure.o)
 .debug_abbrev  0x0000000000000580       0xc9 /usr/lib/gcc/arm-none-eabi/12.1.0/../../../../arm-none-eabi/lib/thumb/v7e-m+fp/softfp/libc_nano.a(lib_a-init.o)
 .debug_abbrev  0x0000000000000649       0x9e /usr/lib/gcc/arm-none-eabi/12.1.0/../../../../arm-none-eabi/lib/thumb/v7e-m+fp/softfp/libc_nano.a(lib_a-memset.o)
 .debug_abbrev  0x00000000000006e7      0x21c /usr/lib/gcc/arm-none-eabi/12.1.0/../../../../arm-none-eabi/lib/thumb/v7e-m+fp/softfp/libc_nano.a(lib_a-sprintf.o)
 .debug_abbrev  0x0000000000000903       0x14 /usr/lib/gcc/arm-none-eabi/12.1.0/../../../../arm-none-eabi/lib/thumb/v7e-m+fp/softfp/libc_nano.a(lib_a-strlen.o)
 .debug_abbrev  0x0000000000000917      0x115 /usr/lib/gcc/arm-none-eabi/12.1.0/../../../../arm-none-eabi/lib/thumb/v7e-m+fp/softfp/libc_nano.a(lib_a-lock.o)
 .debug_abbrev  0x0000000000000a2c      0x31e /usr/lib/gcc/arm-none-eabi/12.1.0/../../../../arm-none-eabi/lib/thumb/v7e-m+fp/softfp/libc_nano.a(lib_a-nano-svfprintf.o)
 .debug_abbrev  0x0000000000000d4a      0x28e /usr/lib/gcc/arm-none-eabi/12.1.0/../../../../arm-none-eabi/lib/thumb/v7e-m+fp/softfp/libc_nano.a(lib_a-nano-vfprintf_i.o)
 .debug_abbrev  0x0000000000000fd8       0x14 /usr/lib/gcc/arm-none-eabi/12.1.0/../../../../arm-none-eabi/lib/thumb/v7e-m+fp/softfp/libc_nano.a(lib_a-memchr.o)
 .debug_abbrev  0x0000000000000fec       0xc1 /usr/lib/gcc/arm-none-eabi/12.1.0/../../../../arm-none-eabi/lib/thumb/v7e-m+fp/softfp/libc_nano.a(lib_a-memcpy-stub.o)
 .debug_abbrev  0x00000000000010ad       0xac /usr/lib/gcc/arm-none-eabi/12.1.0/../../../../arm-none-eabi/lib/thumb/v7e-m+fp/softfp/libc_nano.a(lib_a-memmove.o)
 .debug_abbrev  0x0000000000001159      0x23b /usr/lib/gcc/arm-none-eabi/12.1.0/../../../../arm-none-eabi/lib/thumb/v7e-m+fp/softfp/libc_nano.a(lib_a-nano-freer.o)
 .debug_abbrev  0x0000000000001394      0x24a /usr/lib/gcc/arm-none-eabi/12.1.0/../../../../arm-none-eabi/lib/thumb/v7e-m+fp/softfp/libc_nano.a(lib_a-nano-mallocr.o)
 .debug_abbrev  0x00000000000015de      0x217 /usr/lib/gcc/arm-none-eabi/12.1.0/../../../../arm-none-eabi/lib/thumb/v7e-m+fp/softfp/libc_nano.a(lib_a-nano-reallocr.o)
 .debug_abbrev  0x00000000000017f5      0x1da /usr/lib/gcc/arm-none-eabi/12.1.0/../../../../arm-none-eabi/lib/thumb/v7e-m+fp/softfp/libc_nano.a(lib_a-sbrkr.o)
 .debug_abbrev  0x00000000000019cf      0x1bf /usr/lib/gcc/arm-none-eabi/12.1.0/../../../../arm-none-eabi/lib/thumb/v7e-m+fp/softfp/libc_nano.a(lib_a-mlock.o)
 .debug_abbrev  0x0000000000001b8e      0x196 /usr/lib/gcc/arm-none-eabi/12.1.0/../../../../arm-none-eabi/lib/thumb/v7e-m+fp/softfp/libc_nano.a(lib_a-nano-msizer.o)
 .debug_abbrev  0x0000000000001d24      0x233 /usr/lib/gcc/arm-none-eabi/12.1.0/../../../../arm-none-eabi/lib/thumb/v7e-m+fp/softfp/libc_nano.a(lib_a-reent.o)

.debug_loc      0x0000000000000000      0x155
 .debug_loc     0x0000000000000000       0x59 Debug/mcu_echo.o
 .debug_loc     0x0000000000000059       0xfc Debug/uart.o

.debug_aranges  0x0000000000000000      0x350
 .debug_aranges
                0x0000000000000000       0x28 Debug/mcu_echo.o
 .debug_aranges
                0x0000000000000028       0x60 Debug/uart.o
 .debug_aranges
                0x0000000000000088       0x28 Debug/system_stm32f4xx.o
 .debug_aranges
                0x00000000000000b0       0x28 Debug/startup_stm32f411xe.o
 .debug_aranges
                0x00000000000000d8       0x18 /usr/lib/gcc/arm-none-eabi/12.1.0/../../../../arm-none-eabi/lib/thumb/v7e-m+fp/softfp/libc_nano.a(lib_a-impure.o)
 .debug_aranges
                0x00000000000000f0       0x20 /usr/lib/gcc/arm-none-eabi/12.1.0/../../../../arm-none-eabi/lib/thumb/v7e-m+fp/softfp/libc_nano.a(lib_a-init.o)
 .debug_aranges
                0x0000000000000110       0x20 /usr/lib/gcc/arm-none-eabi/12.1.0/../../../../arm-none-eabi/lib/thumb/v7e-m+fp/softfp/libc_nano.a(lib_a-memset.o)
 .debug_aranges
                0x0000000000000130       0x28 /usr/lib/gcc/arm-none-eabi/12.1.0/../../../../arm-none-eabi/lib/thumb/v7e-m+fp/softfp/libc_nano.a(lib_a-sprintf.o)
 .debug_aranges
                0x0000000000000158       0x20 /usr/lib/gcc/arm-none-eabi/12.1.0/../../../../arm-none-eabi/lib/thumb/v7e-m+fp/softfp/libc_nano.a(lib_a-strlen.o)
 .debug_aranges
                0x0000000000000178       0x28 /usr/lib/gcc/arm-none-eabi/12.1.0/../../../../arm-none-eabi/lib/thumb/v7e-m+fp/softfp/libc_nano.a(lib_a-lock.o)
 .debug_aranges
                0x00000000000001a0       0x30 /usr/lib/gcc/arm-none-eabi/12.1.0/../../../../arm-none-eabi/lib/thumb/v7e-m+fp/softfp/libc_nano.a(lib_a-nano-svfprintf.o)
 .debug_aranges
                0x00000000000001d0       0x28 /usr/lib/gcc/arm-none-eabi/12.1.0/../../../../arm-none-eabi/lib/thumb/v7e-m+fp/softfp/libc_nano.a(lib_a-nano-vfprintf_i.o)
 .debug_aranges
                0x00000000000001f8       0x20 /usr/lib/gcc/arm-none-eabi/12.1.0/../../../../arm-none-eabi/lib/thumb/v7e-m+fp/softfp/libc_nano.a(lib_a-memchr.o)
 .debug_aranges
                0x0000000000000218       0x20 /usr/lib/gcc/arm-none-eabi/12.1.0/../../../../arm-none-eabi/lib/thumb/v7e-m+fp/softfp/libc_nano.a(lib_a-memcpy-stub.o)
 .debug_aranges
                0x0000000000000238       0x20 /usr/lib/gcc/arm-none-eabi/12.1.0/../../../../arm-none-eabi/lib/thumb/v7e-m+fp/softfp/libc_nano.a(lib_a-memmove.o)
 .debug_aranges
                0x0000000000000258       0x20 /usr/lib/gcc/arm-none-eabi/12.1.0/../../../../arm-none-eabi/lib/thumb/v7e-m+fp/softfp/libc_nano.a(lib_a-nano-freer.o)
 .debug_aranges
                0x0000000000000278       0x28 /usr/lib/gcc/arm-none-eabi/12.1.0/../../../../arm-none-eabi/lib/thumb/v7e-m+fp/softfp/libc_nano.a(lib_a-nano-mallocr.o)
 .debug_aranges
                0x00000000000002a0       0x20 /usr/lib/gcc/arm-none-eabi/12.1.0/../../../../arm-none-eabi/lib/thumb/v7e-m+fp/softfp/libc_nano.a(lib_a-nano-reallocr.o)
 .debug_aranges
                0x00000000000002c0       0x20 /usr/lib/gcc/arm-none-eabi/12.1.0/../../../../arm-none-eabi/lib/thumb/v7e-m+fp/softfp/libc_nano.a(lib_a-sbrkr.o)
 .debug_aranges
                0x00000000000002e0       0x28 /usr/lib/gcc/arm-none-eabi/12.1.0/../../../../arm-none-eabi/lib/thumb/v7e-m+fp/softfp/libc_nano.a(lib_a-mlock.o)
 .debug_aranges
                0x0000000000000308       0x20 /usr/lib/gcc/arm-none-eabi/12.1.0/../../../../arm-none-eabi/lib/thumb/v7e-m+fp/softfp/libc_nano.a(lib_a-nano-msizer.o)
 .debug_aranges
                0x0000000000000328       0x28 /usr/lib/gcc/arm-none-eabi/12.1.0/../../../../arm-none-eabi/lib/thumb/v7e-m+fp/softfp/libc_nano.a(lib_a-reent.o)

.debug_ranges   0x0000000000000000       0xa0
 .debug_ranges  0x0000000000000000       0x18 Debug/mcu_echo.o
 .debug_ranges  0x0000000000000018       0x50 Debug/uart.o
 .debug_ranges  0x0000000000000068       0x18 Debug/system_stm32f4xx.o
 .debug_ranges  0x0000000000000080       0x20 Debug/startup_stm32f411xe.o

.debug_line     0x0000000000000000     0x2fa5
 .debug_line    0x0000000000000000       0xfe Debug/mcu_echo.o
 .debug_line    0x00000000000000fe      0x2dd Debug/uart.o
 .debug_line    0x00000000000003db      0x1a2 Debug/system_stm32f4xx.o
 .debug_line    0x000000000000057d       0x84 Debug/startup_stm32f411xe.o
 .debug_line    0x0000000000000601      0x10e /usr/lib/gcc/arm-none-eabi/12.1.0/../../../../arm-none-eabi/lib/thumb/v7e-m+fp/softfp/libc_nano.a(lib_a-impure.o)
 .debug_line    0x000000000000070f      0x13b /usr/lib/gcc/arm-none-eabi/12.1.0/../../../../arm-none-eabi/lib/thumb/v7e-m+fp/softfp/libc_nano.a(lib_a-init.o)
 .debug_line    0x000000000000084a      0x129 /usr/lib/gcc/arm-none-eabi/12.1.0/../../../../arm-none-eabi/lib/thumb/v7e-m+fp/softfp/libc_nano.a(lib_a-memset.o)
 .debug_line    0x0000000000000973      0x252 /usr/lib/gcc/arm-none-eabi/12.1.0/../../../../arm-none-eabi/lib/thumb/v7e-m+fp/softfp/libc_nano.a(lib_a-sprintf.o)
 .debug_line    0x0000000000000bc5       0x4f /usr/lib/gcc/arm-none-eabi/12.1.0/../../../../arm-none-eabi/lib/thumb/v7e-m+fp/softfp/libc_nano.a(lib_a-strlen.o)
 .debug_line    0x0000000000000c14       0xeb /usr/lib/gcc/arm-none-eabi/12.1.0/../../../../arm-none-eabi/lib/thumb/v7e-m+fp/softfp/libc_nano.a(lib_a-lock.o)
 .debug_line    0x0000000000000cff      0x7fd /usr/lib/gcc/arm-none-eabi/12.1.0/../../../../arm-none-eabi/lib/thumb/v7e-m+fp/softfp/libc_nano.a(lib_a-nano-svfprintf.o)
 .debug_line    0x00000000000014fc      0x6d8 /usr/lib/gcc/arm-none-eabi/12.1.0/../../../../arm-none-eabi/lib/thumb/v7e-m+fp/softfp/libc_nano.a(lib_a-nano-vfprintf_i.o)
 .debug_line    0x0000000000001bd4       0x82 /usr/lib/gcc/arm-none-eabi/12.1.0/../../../../arm-none-eabi/lib/thumb/v7e-m+fp/softfp/libc_nano.a(lib_a-memchr.o)
 .debug_line    0x0000000000001c56      0x147 /usr/lib/gcc/arm-none-eabi/12.1.0/../../../../arm-none-eabi/lib/thumb/v7e-m+fp/softfp/libc_nano.a(lib_a-memcpy-stub.o)
 .debug_line    0x0000000000001d9d      0x167 /usr/lib/gcc/arm-none-eabi/12.1.0/../../../../arm-none-eabi/lib/thumb/v7e-m+fp/softfp/libc_nano.a(lib_a-memmove.o)
 .debug_line    0x0000000000001f04      0x2b8 /usr/lib/gcc/arm-none-eabi/12.1.0/../../../../arm-none-eabi/lib/thumb/v7e-m+fp/softfp/libc_nano.a(lib_a-nano-freer.o)
 .debug_line    0x00000000000021bc      0x437 /usr/lib/gcc/arm-none-eabi/12.1.0/../../../../arm-none-eabi/lib/thumb/v7e-m+fp/softfp/libc_nano.a(lib_a-nano-mallocr.o)
 .debug_line    0x00000000000025f3      0x207 /usr/lib/gcc/arm-none-eabi/12.1.0/../../../../arm-none-eabi/lib/thumb/v7e-m+fp/softfp/libc_nano.a(lib_a-nano-reallocr.o)
 .debug_line    0x00000000000027fa      0x1be /usr/lib/gcc/arm-none-eabi/12.1.0/../../../../arm-none-eabi/lib/thumb/v7e-m+fp/softfp/libc_nano.a(lib_a-sbrkr.o)
 .debug_line    0x00000000000029b8      0x190 /usr/lib/gcc/arm-none-eabi/12.1.0/../../../../arm-none-eabi/lib/thumb/v7e-m+fp/softfp/libc_nano.a(lib_a-mlock.o)
 .debug_line    0x0000000000002b48      0x19a /usr/lib/gcc/arm-none-eabi/12.1.0/../../../../arm-none-eabi/lib/thumb/v7e-m+fp/softfp/libc_nano.a(lib_a-nano-msizer.o)
 .debug_line    0x0000000000002ce2      0x2c3 /usr/lib/gcc/arm-none-eabi/12.1.0/../../../../arm-none-eabi/lib/thumb/v7e-m+fp/softfp/libc_nano.a(lib_a-reent.o)

.debug_str      0x0000000000000000     0x15c8
 .debug_str     0x0000000000000000      0x214 Debug/mcu_echo.o
                                        0x254 (size before relaxing)
 .debug_str     0x0000000000000214      0x198 Debug/uart.o
                                        0x3b5 (size before relaxing)
 .debug_str     0x00000000000003ac       0xc9 Debug/system_stm32f4xx.o
                                        0x39a (size before relaxing)
 .debug_str     0x0000000000000475       0x30 Debug/startup_stm32f411xe.o
                                         0x60 (size before relaxing)
 .debug_str     0x00000000000004a5      0x48e /usr/lib/gcc/arm-none-eabi/12.1.0/../../../../arm-none-eabi/lib/thumb/v7e-m+fp/softfp/libc_nano.a(lib_a-impure.o)
                                        0x586 (size before relaxing)
 .debug_str     0x0000000000000933      0x106 /usr/lib/gcc/arm-none-eabi/12.1.0/../../../../arm-none-eabi/lib/thumb/v7e-m+fp/softfp/libc_nano.a(lib_a-init.o)
                                        0x236 (size before relaxing)
 .debug_str     0x0000000000000a39       0xac /usr/lib/gcc/arm-none-eabi/12.1.0/../../../../arm-none-eabi/lib/thumb/v7e-m+fp/softfp/libc_nano.a(lib_a-memset.o)
                                        0x1d7 (size before relaxing)
 .debug_str     0x0000000000000ae5       0xe1 /usr/lib/gcc/arm-none-eabi/12.1.0/../../../../arm-none-eabi/lib/thumb/v7e-m+fp/softfp/libc_nano.a(lib_a-sprintf.o)
                                        0x574 (size before relaxing)
 .debug_str     0x0000000000000bc6       0x86 /usr/lib/gcc/arm-none-eabi/12.1.0/../../../../arm-none-eabi/lib/thumb/v7e-m+fp/softfp/libc_nano.a(lib_a-strlen.o)
 .debug_str     0x0000000000000c4c      0x266 /usr/lib/gcc/arm-none-eabi/12.1.0/../../../../arm-none-eabi/lib/thumb/v7e-m+fp/softfp/libc_nano.a(lib_a-lock.o)
                                        0x367 (size before relaxing)
 .debug_str     0x0000000000000eb2      0x2b6 /usr/lib/gcc/arm-none-eabi/12.1.0/../../../../arm-none-eabi/lib/thumb/v7e-m+fp/softfp/libc_nano.a(lib_a-nano-svfprintf.o)
                                        0x87d (size before relaxing)
 .debug_str     0x0000000000001168       0xaa /usr/lib/gcc/arm-none-eabi/12.1.0/../../../../arm-none-eabi/lib/thumb/v7e-m+fp/softfp/libc_nano.a(lib_a-nano-vfprintf_i.o)
                                        0x814 (size before relaxing)
 .debug_str     0x0000000000001212        0x9 /usr/lib/gcc/arm-none-eabi/12.1.0/../../../../arm-none-eabi/lib/thumb/v7e-m+fp/softfp/libc_nano.a(lib_a-memchr.o)
                                         0x7c (size before relaxing)
 .debug_str     0x000000000000121b       0x6b /usr/lib/gcc/arm-none-eabi/12.1.0/../../../../arm-none-eabi/lib/thumb/v7e-m+fp/softfp/libc_nano.a(lib_a-memcpy-stub.o)
                                        0x1fd (size before relaxing)
 .debug_str     0x0000000000001286       0x64 /usr/lib/gcc/arm-none-eabi/12.1.0/../../../../arm-none-eabi/lib/thumb/v7e-m+fp/softfp/libc_nano.a(lib_a-memmove.o)
                                        0x1f2 (size before relaxing)
 .debug_str     0x00000000000012ea      0x12c /usr/lib/gcc/arm-none-eabi/12.1.0/../../../../arm-none-eabi/lib/thumb/v7e-m+fp/softfp/libc_nano.a(lib_a-nano-freer.o)
                                        0x5bd (size before relaxing)
 .debug_str     0x0000000000001416       0x67 /usr/lib/gcc/arm-none-eabi/12.1.0/../../../../arm-none-eabi/lib/thumb/v7e-m+fp/softfp/libc_nano.a(lib_a-nano-mallocr.o)
                                        0x61c (size before relaxing)
 .debug_str     0x000000000000147d       0x2c /usr/lib/gcc/arm-none-eabi/12.1.0/../../../../arm-none-eabi/lib/thumb/v7e-m+fp/softfp/libc_nano.a(lib_a-nano-reallocr.o)
                                        0x5b0 (size before relaxing)
 .debug_str     0x00000000000014a9       0x53 /usr/lib/gcc/arm-none-eabi/12.1.0/../../../../arm-none-eabi/lib/thumb/v7e-m+fp/softfp/libc_nano.a(lib_a-sbrkr.o)
                                        0x53e (size before relaxing)
 .debug_str     0x00000000000014fc       0x49 /usr/lib/gcc/arm-none-eabi/12.1.0/../../../../arm-none-eabi/lib/thumb/v7e-m+fp/softfp/libc_nano.a(lib_a-mlock.o)
                                        0x5b8 (size before relaxing)
 .debug_str     0x0000000000001545        0xf /usr/lib/gcc/arm-none-eabi/12.1.0/../../../../arm-none-eabi/lib/thumb/v7e-m+fp/softfp/libc_nano.a(lib_a-nano-msizer.o)
                                        0x585 (size before relaxing)
 .debug_str     0x0000000000001554       0x74 /usr/lib/gcc/arm-none-eabi/12.1.0/../../../../arm-none-eabi/lib/thumb/v7e-m+fp/softfp/libc_nano.a(lib_a-reent.o)
                                        0x566 (size before relaxing)

.comment        0x0000000000000000       0x3c
 .comment       0x0000000000000000       0x1e Debug/mcu_echo.o
                                         0x1f (size before relaxing)
 .comment       0x000000000000001e       0x1f Debug/uart.o
 .comment       0x000000000000001e       0x1f Debug/system_stm32f4xx.o
 .comment       0x000000000000001e       0x1e /usr/lib/gcc/arm-none-eabi/12.1.0/../../../../arm-none-eabi/lib/thumb/v7e-m+fp/softfp/libc_nano.a(lib_a-impure.o)
                                         0x1f (size before relaxing)
 .comment       0x000000000000003c       0x1f /usr/lib/gcc/arm-none-eabi/12.1.0/../../../../arm-none-eabi/lib/thumb/v7e-m+fp/softfp/libc_nano.a(lib_a-init.o)
 .comment       0x000000000000003c       0x1f /usr/lib/gcc/arm-none-eabi/12.1.0/../../../../arm-none-eabi/lib/thumb/v7e-m+fp/softfp/libc_nano.a(lib_a-memset.o)
 .comment       0x000000000000003c       0x1f /usr/lib/gcc/arm-none-eabi/12.1.0/../../../../arm-none-eabi/lib/thumb/v7e-m+fp/softfp/libc_nano.a(lib_a-sprintf.o)
 .comment       0x000000000000003c       0x1f /usr/lib/gcc/arm-none-eabi/12.1.0/../../../../arm-none-eabi/lib/thumb/v7e-m+fp/softfp/libc_nano.a(lib_a-lock.o)
 .comment       0x000000000000003c       0x1f /usr/lib/gcc/arm-none-eabi/12.1.0/../../../../arm-none-eabi/lib/thumb/v7e-m+fp/softfp/libc_nano.a(lib_a-nano-svfprintf.o)
 .comment       0x000000000000003c       0x1f /usr/lib/gcc/arm-none-eabi/12.1.0/../../../../arm-none-eabi/lib/thumb/v7e-m+fp/softfp/libc_nano.a(lib_a-nano-vfprintf_i.o)
 .comment       0x000000000000003c       0x1f /usr/lib/gcc/arm-none-eabi/12.1.0/../../../../arm-none-eabi/lib/thumb/v7e-m+fp/softfp/libc_nano.a(lib_a-memcpy-stub.o)
 .comment       0x000000000000003c       0x1f /usr/lib/gcc/arm-none-eabi/12.1.0/../../../../arm-none-eabi/lib/thumb/v7e-m+fp/softfp/libc_nano.a(lib_a-memmove.o)
 .comment       0x000000000000003c       0x1f /usr/lib/gcc/arm-none-eabi/12.1.0/../../../../arm-none-eabi/lib/thumb/v7e-m+fp/softfp/libc_nano.a(lib_a-nano-freer.o)
 .comment       0x000000000000003c       0x1f /usr/lib/gcc/arm-none-eabi/12.1.0/../../../../arm-none-eabi/lib/thumb/v7e-m+fp/softfp/libc_nano.a(lib_a-nano-mallocr.o)
 .comment       0x000000000000003c       0x1f /usr/lib/gcc/arm-none-eabi/12.1.0/../../../../arm-none-eabi/lib/thumb/v7e-m+fp/softfp/libc_nano.a(lib_a-nano-reallocr.o)
 .comment       0x000000000000003c       0x1f /usr/lib/gcc/arm-none-eabi/12.1.0/../../../../arm-none-eabi/lib/thumb/v7e-m+fp/softfp/libc_nano.a(lib_a-sbrkr.o)
 .comment       0x000000000000003c       0x1f /usr/lib/gcc/arm-none-eabi/12.1.0/../../../../arm-none-eabi/lib/thumb/v7e-m+fp/softfp/libc_nano.a(lib_a-mlock.o)
 .comment       0x000000000000003c       0x1f /usr/lib/gcc/arm-none-eabi/12.1.0/../../../../arm-none-eabi/lib/thumb/v7e-m+fp/softfp/libc_nano.a(lib_a-nano-msizer.o)
 .comment       0x000000000000003c       0x1f /usr/lib/gcc/arm-none-eabi/12.1.0/../../../../arm-none-eabi/lib/thumb/v7e-m+fp/softfp/libc_nano.a(lib_a-reent.o)

.debug_frame    0x0000000000000000      0x5a4
 .debug_frame   0x0000000000000000       0x44 Debug/mcu_echo.o
 .debug_frame   0x0000000000000044       0xd0 Debug/uart.o
 .debug_frame   0x0000000000000114       0x30 Debug/system_stm32f4xx.o
 .debug_frame   0x0000000000000144       0x2c /usr/lib/gcc/arm-none-eabi/12.1.0/../../../../arm-none-eabi/lib/thumb/v7e-m+fp/softfp/libc_nano.a(lib_a-init.o)
 .debug_frame   0x0000000000000170       0x20 /usr/lib/gcc/arm-none-eabi/12.1.0/../../../../arm-none-eabi/lib/thumb/v7e-m+fp/softfp/libc_nano.a(lib_a-memset.o)
 .debug_frame   0x0000000000000190       0x6c /usr/lib/gcc/arm-none-eabi/12.1.0/../../../../arm-none-eabi/lib/thumb/v7e-m+fp/softfp/libc_nano.a(lib_a-sprintf.o)
 .debug_frame   0x00000000000001fc       0xb0 /usr/lib/gcc/arm-none-eabi/12.1.0/../../../../arm-none-eabi/lib/thumb/v7e-m+fp/softfp/libc_nano.a(lib_a-lock.o)
 .debug_frame   0x00000000000002ac       0x90 /usr/lib/gcc/arm-none-eabi/12.1.0/../../../../arm-none-eabi/lib/thumb/v7e-m+fp/softfp/libc_nano.a(lib_a-nano-svfprintf.o)
 .debug_frame   0x000000000000033c       0x60 /usr/lib/gcc/arm-none-eabi/12.1.0/../../../../arm-none-eabi/lib/thumb/v7e-m+fp/softfp/libc_nano.a(lib_a-nano-vfprintf_i.o)
 .debug_frame   0x000000000000039c       0x28 /usr/lib/gcc/arm-none-eabi/12.1.0/../../../../arm-none-eabi/lib/thumb/v7e-m+fp/softfp/libc_nano.a(lib_a-memcpy-stub.o)
 .debug_frame   0x00000000000003c4       0x28 /usr/lib/gcc/arm-none-eabi/12.1.0/../../../../arm-none-eabi/lib/thumb/v7e-m+fp/softfp/libc_nano.a(lib_a-memmove.o)
 .debug_frame   0x00000000000003ec       0x38 /usr/lib/gcc/arm-none-eabi/12.1.0/../../../../arm-none-eabi/lib/thumb/v7e-m+fp/softfp/libc_nano.a(lib_a-nano-freer.o)
 .debug_frame   0x0000000000000424       0x4c /usr/lib/gcc/arm-none-eabi/12.1.0/../../../../arm-none-eabi/lib/thumb/v7e-m+fp/softfp/libc_nano.a(lib_a-nano-mallocr.o)
 .debug_frame   0x0000000000000470       0x3c /usr/lib/gcc/arm-none-eabi/12.1.0/../../../../arm-none-eabi/lib/thumb/v7e-m+fp/softfp/libc_nano.a(lib_a-nano-reallocr.o)
 .debug_frame   0x00000000000004ac       0x2c /usr/lib/gcc/arm-none-eabi/12.1.0/../../../../arm-none-eabi/lib/thumb/v7e-m+fp/softfp/libc_nano.a(lib_a-sbrkr.o)
 .debug_frame   0x00000000000004d8       0x30 /usr/lib/gcc/arm-none-eabi/12.1.0/../../../../arm-none-eabi/lib/thumb/v7e-m+fp/softfp/libc_nano.a(lib_a-mlock.o)
 .debug_frame   0x0000000000000508       0x20 /usr/lib/gcc/arm-none-eabi/12.1.0/../../../../arm-none-eabi/lib/thumb/v7e-m+fp/softfp/libc_nano.a(lib_a-nano-msizer.o)
 .debug_frame   0x0000000000000528       0x5c /usr/lib/gcc/arm-none-eabi/12.1.0/../../../../arm-none-eabi/lib/thumb/v7e-m+fp/softfp/libc_nano.a(lib_a-reent.o)
 .debug_frame   0x0000000000000584       0x20 /usr/lib/gcc/arm-none-eabi/12.1.0/../../../../arm-none-eabi/lib/thumb/v7e-m+fp/softfp/libnosys.a(sbrk.o)

.debug_loclists
                0x0000000000000000     0x117e
 .debug_loclists
                0x0000000000000000       0x44 /usr/lib/gcc/arm-none-eabi/12.1.0/../../../../arm-none-eabi/lib/thumb/v7e-m+fp/softfp/libc_nano.a(lib_a-init.o)
 .debug_loclists
                0x0000000000000044       0x47 /usr/lib/gcc/arm-none-eabi/12.1.0/../../../../arm-none-eabi/lib/thumb/v7e-m+fp/softfp/libc_nano.a(lib_a-memset.o)
 .debug_loclists
                0x000000000000008b       0x79 /usr/lib/gcc/arm-none-eabi/12.1.0/../../../../arm-none-eabi/lib/thumb/v7e-m+fp/softfp/libc_nano.a(lib_a-sprintf.o)
 .debug_loclists
                0x0000000000000104       0x23 /usr/lib/gcc/arm-none-eabi/12.1.0/../../../../arm-none-eabi/lib/thumb/v7e-m+fp/softfp/libc_nano.a(lib_a-lock.o)
 .debug_loclists
                0x0000000000000127      0x49b /usr/lib/gcc/arm-none-eabi/12.1.0/../../../../arm-none-eabi/lib/thumb/v7e-m+fp/softfp/libc_nano.a(lib_a-nano-svfprintf.o)
 .debug_loclists
                0x00000000000005c2      0x3fe /usr/lib/gcc/arm-none-eabi/12.1.0/../../../../arm-none-eabi/lib/thumb/v7e-m+fp/softfp/libc_nano.a(lib_a-nano-vfprintf_i.o)
 .debug_loclists
                0x00000000000009c0       0x8f /usr/lib/gcc/arm-none-eabi/12.1.0/../../../../arm-none-eabi/lib/thumb/v7e-m+fp/softfp/libc_nano.a(lib_a-memcpy-stub.o)
 .debug_loclists
                0x0000000000000a4f      0x130 /usr/lib/gcc/arm-none-eabi/12.1.0/../../../../arm-none-eabi/lib/thumb/v7e-m+fp/softfp/libc_nano.a(lib_a-memmove.o)
 .debug_loclists
                0x0000000000000b7f       0xd4 /usr/lib/gcc/arm-none-eabi/12.1.0/../../../../arm-none-eabi/lib/thumb/v7e-m+fp/softfp/libc_nano.a(lib_a-nano-freer.o)
 .debug_loclists
                0x0000000000000c53      0x254 /usr/lib/gcc/arm-none-eabi/12.1.0/../../../../arm-none-eabi/lib/thumb/v7e-m+fp/softfp/libc_nano.a(lib_a-nano-mallocr.o)
 .debug_loclists
                0x0000000000000ea7       0xf0 /usr/lib/gcc/arm-none-eabi/12.1.0/../../../../arm-none-eabi/lib/thumb/v7e-m+fp/softfp/libc_nano.a(lib_a-nano-reallocr.o)
 .debug_loclists
                0x0000000000000f97       0x4c /usr/lib/gcc/arm-none-eabi/12.1.0/../../../../arm-none-eabi/lib/thumb/v7e-m+fp/softfp/libc_nano.a(lib_a-sbrkr.o)
 .debug_loclists
                0x0000000000000fe3       0x3a /usr/lib/gcc/arm-none-eabi/12.1.0/../../../../arm-none-eabi/lib/thumb/v7e-m+fp/softfp/libc_nano.a(lib_a-mlock.o)
 .debug_loclists
                0x000000000000101d       0x62 /usr/lib/gcc/arm-none-eabi/12.1.0/../../../../arm-none-eabi/lib/thumb/v7e-m+fp/softfp/libc_nano.a(lib_a-nano-msizer.o)
 .debug_loclists
                0x000000000000107f       0xcd /usr/lib/gcc/arm-none-eabi/12.1.0/../../../../arm-none-eabi/lib/thumb/v7e-m+fp/softfp/libc_nano.a(lib_a-reent.o)
 .debug_loclists
                0x000000000000114c       0x32 /usr/lib/gcc/arm-none-eabi/12.1.0/../../../../arm-none-eabi/lib/thumb/v7e-m+fp/softfp/libnosys.a(sbrk.o)

.debug_rnglists
                0x0000000000000000      0x1f5
 .debug_rnglists
                0x0000000000000000       0x13 /usr/lib/gcc/arm-none-eabi/12.1.0/../../../../arm-none-eabi/lib/thumb/v7e-m+fp/softfp/libc_nano.a(lib_a-init.o)
 .debug_rnglists
                0x0000000000000013       0x13 /usr/lib/gcc/arm-none-eabi/12.1.0/../../../../arm-none-eabi/lib/thumb/v7e-m+fp/softfp/libc_nano.a(lib_a-memset.o)
 .debug_rnglists
                0x0000000000000026       0x19 /usr/lib/gcc/arm-none-eabi/12.1.0/../../../../arm-none-eabi/lib/thumb/v7e-m+fp/softfp/libc_nano.a(lib_a-sprintf.o)
 .debug_rnglists
                0x000000000000003f       0x19 /usr/lib/gcc/arm-none-eabi/12.1.0/../../../../arm-none-eabi/lib/thumb/v7e-m+fp/softfp/libc_nano.a(lib_a-lock.o)
 .debug_rnglists
                0x0000000000000058       0x44 /usr/lib/gcc/arm-none-eabi/12.1.0/../../../../arm-none-eabi/lib/thumb/v7e-m+fp/softfp/libc_nano.a(lib_a-nano-svfprintf.o)
 .debug_rnglists
                0x000000000000009c       0x5c /usr/lib/gcc/arm-none-eabi/12.1.0/../../../../arm-none-eabi/lib/thumb/v7e-m+fp/softfp/libc_nano.a(lib_a-nano-vfprintf_i.o)
 .debug_rnglists
                0x00000000000000f8       0x13 /usr/lib/gcc/arm-none-eabi/12.1.0/../../../../arm-none-eabi/lib/thumb/v7e-m+fp/softfp/libc_nano.a(lib_a-memcpy-stub.o)
 .debug_rnglists
                0x000000000000010b       0x13 /usr/lib/gcc/arm-none-eabi/12.1.0/../../../../arm-none-eabi/lib/thumb/v7e-m+fp/softfp/libc_nano.a(lib_a-memmove.o)
 .debug_rnglists
                0x000000000000011e       0x20 /usr/lib/gcc/arm-none-eabi/12.1.0/../../../../arm-none-eabi/lib/thumb/v7e-m+fp/softfp/libc_nano.a(lib_a-nano-freer.o)
 .debug_rnglists
                0x000000000000013e       0x26 /usr/lib/gcc/arm-none-eabi/12.1.0/../../../../arm-none-eabi/lib/thumb/v7e-m+fp/softfp/libc_nano.a(lib_a-nano-mallocr.o)
 .debug_rnglists
                0x0000000000000164       0x13 /usr/lib/gcc/arm-none-eabi/12.1.0/../../../../arm-none-eabi/lib/thumb/v7e-m+fp/softfp/libc_nano.a(lib_a-nano-reallocr.o)
 .debug_rnglists
                0x0000000000000177       0x13 /usr/lib/gcc/arm-none-eabi/12.1.0/../../../../arm-none-eabi/lib/thumb/v7e-m+fp/softfp/libc_nano.a(lib_a-sbrkr.o)
 .debug_rnglists
                0x000000000000018a       0x19 /usr/lib/gcc/arm-none-eabi/12.1.0/../../../../arm-none-eabi/lib/thumb/v7e-m+fp/softfp/libc_nano.a(lib_a-mlock.o)
 .debug_rnglists
                0x00000000000001a3       0x13 /usr/lib/gcc/arm-none-eabi/12.1.0/../../../../arm-none-eabi/lib/thumb/v7e-m+fp/softfp/libc_nano.a(lib_a-nano-msizer.o)
 .debug_rnglists
                0x00000000000001b6       0x2c /usr/lib/gcc/arm-none-eabi/12.1.0/../../../../arm-none-eabi/lib/thumb/v7e-m+fp/softfp/libc_nano.a(lib_a-reent.o)
 .debug_rnglists
                0x00000000000001e2       0x13 /usr/lib/gcc/arm-none-eabi/12.1.0/../../../../arm-none-eabi/lib/thumb/v7e-m+fp/softfp/libnosys.a(sbrk.o)

.debug_line_str
                0x0000000000000000       0x65
 .debug_line_str
                0x0000000000000000       0x5c /usr/lib/gcc/arm-none-eabi/12.1.0/../../../../arm-none-eabi/lib/thumb/v7e-m+fp/softfp/libc_nano.a(lib_a-strlen.o)
                                         0xb8 (size before relaxing)
 .debug_line_str
                0x000000000000005c        0x9 /usr/lib/gcc/arm-none-eabi/12.1.0/../../../../arm-none-eabi/lib/thumb/v7e-m+fp/softfp/libc_nano.a(lib_a-memchr.o)
                                         0xa4 (size before relaxing)

Cross Reference Table

Symbol                                            File
ADC_IRQHandler                                    Debug/startup_stm32f411xe.o
BusFault_Handler                                  Debug/startup_stm32f411xe.o
DMA1_Stream0_IRQHandler                           Debug/startup_stm32f411xe.o
DMA1_Stream1_IRQHandler                           Debug/startup_stm32f411xe.o
DMA1_Stream2_IRQHandler                           Debug/startup_stm32f411xe.o
DMA1_Stream3_IRQHandler                           Debug/startup_stm32f411xe.o
DMA1_Stream4_IRQHandler                           Debug/startup_stm32f411xe.o
DMA1_Stream5_IRQHandler                           Debug/startup_stm32f411xe.o
DMA1_Stream6_IRQHandler                           Debug/startup_stm32f411xe.o
DMA1_Stream7_IRQHandler                           Debug/startup_stm32f411xe.o
DMA2_Stream0_IRQHandler                           Debug/startup_stm32f411xe.o
DMA2_Stream1_IRQHandler                           Debug/startup_stm32f411xe.o
DMA2_Stream2_IRQHandler                           Debug/startup_stm32f411xe.o
DMA2_Stream3_IRQHandler                           Debug/startup_stm32f411xe.o
DMA2_Stream4_IRQHandler                           Debug/startup_stm32f411xe.o
DMA2_Stream5_IRQHandler                           Debug/startup_stm32f411xe.o
DMA2_Stream6_IRQHandler                           Debug/startup_stm32f411xe.o
DMA2_Stream7_IRQHandler                           Debug/startup_stm32f411xe.o
DebugMon_Handler                                  Debug/startup_stm32f411xe.o
Default_Handler                                   Debug/startup_stm32f411xe.o
EXTI0_IRQHandler                                  Debug/startup_stm32f411xe.o
EXTI15_10_IRQHandler                              Debug/startup_stm32f411xe.o
EXTI1_IRQHandler                                  Debug/startup_stm32f411xe.o
EXTI2_IRQHandler                                  Debug/startup_stm32f411xe.o
EXTI3_IRQHandler                                  Debug/startup_stm32f411xe.o
EXTI4_IRQHandler                                  Debug/startup_stm32f411xe.o
EXTI9_5_IRQHandler                                Debug/startup_stm32f411xe.o
FLASH_IRQHandler                                  Debug/startup_stm32f411xe.o
FPU_IRQHandler                                    Debug/startup_stm32f411xe.o
HardFault_Handler                                 Debug/startup_stm32f411xe.o
I2C1_ER_IRQHandler                                Debug/startup_stm32f411xe.o
I2C1_EV_IRQHandler                                Debug/startup_stm32f411xe.o
I2C2_ER_IRQHandler                                Debug/startup_stm32f411xe.o
I2C2_EV_IRQHandler                                Debug/startup_stm32f411xe.o
I2C3_ER_IRQHandler                                Debug/startup_stm32f411xe.o
I2C3_EV_IRQHandler                                Debug/startup_stm32f411xe.o
MemManage_Handler                                 Debug/startup_stm32f411xe.o
NMI_Handler                                       Debug/startup_stm32f411xe.o
OTG_FS_IRQHandler                                 Debug/startup_stm32f411xe.o
OTG_FS_WKUP_IRQHandler                            Debug/startup_stm32f411xe.o
PVD_IRQHandler                                    Debug/startup_stm32f411xe.o
PendSV_Handler                                    Debug/startup_stm32f411xe.o
RCC_IRQHandler                                    Debug/startup_stm32f411xe.o
RTC_Alarm_IRQHandler                              Debug/startup_stm32f411xe.o
RTC_WKUP_IRQHandler                               Debug/startup_stm32f411xe.o
Reset_Handler                                     Debug/startup_stm32f411xe.o
SDIO_IRQHandler                                   Debug/startup_stm32f411xe.o
SPI1_IRQHandler                                   Debug/startup_stm32f411xe.o
SPI2_IRQHandler                                   Debug/startup_stm32f411xe.o
SPI3_IRQHandler                                   Debug/startup_stm32f411xe.o
SPI4_IRQHandler                                   Debug/startup_stm32f411xe.o
SPI5_IRQHandler                                   Debug/startup_stm32f411xe.o
SVC_Handler                                       Debug/startup_stm32f411xe.o
SysTick_Handler                                   Debug/startup_stm32f411xe.o
SystemCoreClock                                   Debug/system_stm32f4xx.o
SystemInit                                        Debug/system_stm32f4xx.o
                                                  Debug/startup_stm32f411xe.o
TAMP_STAMP_IRQHandler                             Debug/startup_stm32f411xe.o
TIM1_BRK_TIM9_IRQHandler                          Debug/startup_stm32f411xe.o
TIM1_CC_IRQHandler                                Debug/startup_stm32f411xe.o
TIM1_TRG_COM_TIM11_IRQHandler                     Debug/startup_stm32f411xe.o
TIM1_UP_TIM10_IRQHandler                          Debug/startup_stm32f411xe.o
TIM2_IRQHandler                                   Debug/startup_stm32f411xe.o
TIM3_IRQHandler                                   Debug/startup_stm32f411xe.o
TIM4_IRQHandler                                   Debug/startup_stm32f411xe.o
TIM5_IRQHandler                                   Debug/startup_stm32f411xe.o
USART1_IRQHandler                                 Debug/startup_stm32f411xe.o
USART2_IRQHandler                                 Debug/startup_stm32f411xe.o
USART6_IRQHandler                                 Debug/startup_stm32f411xe.o
UsageFault_Handler                                Debug/startup_stm32f411xe.o
WWDG_IRQHandler                                   Debug/startup_stm32f411xe.o
__atexit_dummy                                    /usr/lib/gcc/arm-none-eabi/12.1.0/../../../../arm-none-eabi/lib/thumb/v7e-m+fp/softfp/libc_nano.a(lib_a-__atexit.o)
__atexit_recursive_mutex                          /usr/lib/gcc/arm-none-eabi/12.1.0/../../../../arm-none-eabi/lib/thumb/v7e-m+fp/softfp/libc_nano.a(lib_a-__call_atexit.o)
                                                  /usr/lib/gcc/arm-none-eabi/12.1.0/../../../../arm-none-eabi/lib/thumb/v7e-m+fp/softfp/libc_nano.a(lib_a-__atexit.o)
__bss_end__                                       /usr/lib/gcc/arm-none-eabi/12.1.0/../../../../arm-none-eabi/lib/thumb/v7e-m+fp/softfp/crt0.o
__bss_start__                                     /usr/lib/gcc/arm-none-eabi/12.1.0/../../../../arm-none-eabi/lib/thumb/v7e-m+fp/softfp/crt0.o
__call_exitprocs                                  /usr/lib/gcc/arm-none-eabi/12.1.0/../../../../arm-none-eabi/lib/thumb/v7e-m+fp/softfp/libc_nano.a(lib_a-__call_atexit.o)
                                                  /usr/lib/gcc/arm-none-eabi/12.1.0/../../../../arm-none-eabi/lib/thumb/v7e-m+fp/softfp/libc_nano.a(lib_a-__atexit.o)
                                                  /usr/lib/gcc/arm-none-eabi/12.1.0/../../../../arm-none-eabi/lib/thumb/v7e-m+fp/softfp/libc_nano.a(lib_a-exit.o)
__deregister_frame_info                           /usr/lib/gcc/arm-none-eabi/12.1.0/thumb/v7e-m+fp/softfp/crtbegin.o
__dso_handle                                      /usr/lib/gcc/arm-none-eabi/12.1.0/thumb/v7e-m+fp/softfp/crtbegin.o
__fini_array_end                                  /usr/lib/gcc/arm-none-eabi/12.1.0/../../../../arm-none-eabi/lib/thumb/v7e-m+fp/softfp/libc_nano.a(lib_a-fini.o)
__fini_array_start                                /usr/lib/gcc/arm-none-eabi/12.1.0/../../../../arm-none-eabi/lib/thumb/v7e-m+fp/softfp/libc_nano.a(lib_a-fini.o)
__init_array_end                                  /usr/lib/gcc/arm-none-eabi/12.1.0/../../../../arm-none-eabi/lib/thumb/v7e-m+fp/softfp/libc_nano.a(lib_a-init.o)
__init_array_start                                /usr/lib/gcc/arm-none-eabi/12.1.0/../../../../arm-none-eabi/lib/thumb/v7e-m+fp/softfp/libc_nano.a(lib_a-init.o)
__libc_fini_array                                 /usr/lib/gcc/arm-none-eabi/12.1.0/../../../../arm-none-eabi/lib/thumb/v7e-m+fp/softfp/libc_nano.a(lib_a-fini.o)
                                                  /usr/lib/gcc/arm-none-eabi/12.1.0/../../../../arm-none-eabi/lib/thumb/v7e-m+fp/softfp/crt0.o
__libc_init_array                                 /usr/lib/gcc/arm-none-eabi/12.1.0/../../../../arm-none-eabi/lib/thumb/v7e-m+fp/softfp/libc_nano.a(lib_a-init.o)
                                                  Debug/startup_stm32f411xe.o
                                                  /usr/lib/gcc/arm-none-eabi/12.1.0/../../../../arm-none-eabi/lib/thumb/v7e-m+fp/softfp/crt0.o
__lock___arc4random_mutex                         /usr/lib/gcc/arm-none-eabi/12.1.0/../../../../arm-none-eabi/lib/thumb/v7e-m+fp/softfp/libc_nano.a(lib_a-lock.o)
__lock___at_quick_exit_mutex                      /usr/lib/gcc/arm-none-eabi/12.1.0/../../../../arm-none-eabi/lib/thumb/v7e-m+fp/softfp/libc_nano.a(lib_a-lock.o)
__lock___atexit_recursive_mutex                   /usr/lib/gcc/arm-none-eabi/12.1.0/../../../../arm-none-eabi/lib/thumb/v7e-m+fp/softfp/libc_nano.a(lib_a-lock.o)
                                                  /usr/lib/gcc/arm-none-eabi/12.1.0/../../../../arm-none-eabi/lib/thumb/v7e-m+fp/softfp/libc_nano.a(lib_a-__call_atexit.o)
__lock___dd_hash_mutex                            /usr/lib/gcc/arm-none-eabi/12.1.0/../../../../arm-none-eabi/lib/thumb/v7e-m+fp/softfp/libc_nano.a(lib_a-lock.o)
__lock___env_recursive_mutex                      /usr/lib/gcc/arm-none-eabi/12.1.0/../../../../arm-none-eabi/lib/thumb/v7e-m+fp/softfp/libc_nano.a(lib_a-lock.o)
__lock___malloc_recursive_mutex                   /usr/lib/gcc/arm-none-eabi/12.1.0/../../../../arm-none-eabi/lib/thumb/v7e-m+fp/softfp/libc_nano.a(lib_a-lock.o)
                                                  /usr/lib/gcc/arm-none-eabi/12.1.0/../../../../arm-none-eabi/lib/thumb/v7e-m+fp/softfp/libc_nano.a(lib_a-mlock.o)
__lock___sfp_recursive_mutex                      /usr/lib/gcc/arm-none-eabi/12.1.0/../../../../arm-none-eabi/lib/thumb/v7e-m+fp/softfp/libc_nano.a(lib_a-lock.o)
__lock___sinit_recursive_mutex                    /usr/lib/gcc/arm-none-eabi/12.1.0/../../../../arm-none-eabi/lib/thumb/v7e-m+fp/softfp/libc_nano.a(lib_a-lock.o)
__lock___tz_mutex                                 /usr/lib/gcc/arm-none-eabi/12.1.0/../../../../arm-none-eabi/lib/thumb/v7e-m+fp/softfp/libc_nano.a(lib_a-lock.o)
__malloc_free_list                                /usr/lib/gcc/arm-none-eabi/12.1.0/../../../../arm-none-eabi/lib/thumb/v7e-m+fp/softfp/libc_nano.a(lib_a-nano-mallocr.o)
                                                  /usr/lib/gcc/arm-none-eabi/12.1.0/../../../../arm-none-eabi/lib/thumb/v7e-m+fp/softfp/libc_nano.a(lib_a-nano-freer.o)
__malloc_lock                                     /usr/lib/gcc/arm-none-eabi/12.1.0/../../../../arm-none-eabi/lib/thumb/v7e-m+fp/softfp/libc_nano.a(lib_a-mlock.o)
                                                  /usr/lib/gcc/arm-none-eabi/12.1.0/../../../../arm-none-eabi/lib/thumb/v7e-m+fp/softfp/libc_nano.a(lib_a-nano-mallocr.o)
                                                  /usr/lib/gcc/arm-none-eabi/12.1.0/../../../../arm-none-eabi/lib/thumb/v7e-m+fp/softfp/libc_nano.a(lib_a-nano-freer.o)
__malloc_sbrk_start                               /usr/lib/gcc/arm-none-eabi/12.1.0/../../../../arm-none-eabi/lib/thumb/v7e-m+fp/softfp/libc_nano.a(lib_a-nano-mallocr.o)
__malloc_unlock                                   /usr/lib/gcc/arm-none-eabi/12.1.0/../../../../arm-none-eabi/lib/thumb/v7e-m+fp/softfp/libc_nano.a(lib_a-mlock.o)
                                                  /usr/lib/gcc/arm-none-eabi/12.1.0/../../../../arm-none-eabi/lib/thumb/v7e-m+fp/softfp/libc_nano.a(lib_a-nano-mallocr.o)
                                                  /usr/lib/gcc/arm-none-eabi/12.1.0/../../../../arm-none-eabi/lib/thumb/v7e-m+fp/softfp/libc_nano.a(lib_a-nano-freer.o)
__on_exit_args                                    /usr/lib/gcc/arm-none-eabi/12.1.0/../../../../arm-none-eabi/lib/thumb/v7e-m+fp/softfp/libc_nano.a(lib_a-__atexit.o)
__preinit_array_end                               /usr/lib/gcc/arm-none-eabi/12.1.0/../../../../arm-none-eabi/lib/thumb/v7e-m+fp/softfp/libc_nano.a(lib_a-init.o)
__preinit_array_start                             /usr/lib/gcc/arm-none-eabi/12.1.0/../../../../arm-none-eabi/lib/thumb/v7e-m+fp/softfp/libc_nano.a(lib_a-init.o)
__register_exitproc                               /usr/lib/gcc/arm-none-eabi/12.1.0/../../../../arm-none-eabi/lib/thumb/v7e-m+fp/softfp/libc_nano.a(lib_a-__atexit.o)
                                                  /usr/lib/gcc/arm-none-eabi/12.1.0/../../../../arm-none-eabi/lib/thumb/v7e-m+fp/softfp/libc_nano.a(lib_a-atexit.o)
__register_frame_info                             /usr/lib/gcc/arm-none-eabi/12.1.0/thumb/v7e-m+fp/softfp/crtbegin.o
__retarget_lock_acquire                           /usr/lib/gcc/arm-none-eabi/12.1.0/../../../../arm-none-eabi/lib/thumb/v7e-m+fp/softfp/libc_nano.a(lib_a-lock.o)
__retarget_lock_acquire_recursive                 /usr/lib/gcc/arm-none-eabi/12.1.0/../../../../arm-none-eabi/lib/thumb/v7e-m+fp/softfp/libc_nano.a(lib_a-lock.o)
                                                  /usr/lib/gcc/arm-none-eabi/12.1.0/../../../../arm-none-eabi/lib/thumb/v7e-m+fp/softfp/libc_nano.a(lib_a-mlock.o)
                                                  /usr/lib/gcc/arm-none-eabi/12.1.0/../../../../arm-none-eabi/lib/thumb/v7e-m+fp/softfp/libc_nano.a(lib_a-__call_atexit.o)
                                                  /usr/lib/gcc/arm-none-eabi/12.1.0/../../../../arm-none-eabi/lib/thumb/v7e-m+fp/softfp/libc_nano.a(lib_a-__atexit.o)
__retarget_lock_close                             /usr/lib/gcc/arm-none-eabi/12.1.0/../../../../arm-none-eabi/lib/thumb/v7e-m+fp/softfp/libc_nano.a(lib_a-lock.o)
__retarget_lock_close_recursive                   /usr/lib/gcc/arm-none-eabi/12.1.0/../../../../arm-none-eabi/lib/thumb/v7e-m+fp/softfp/libc_nano.a(lib_a-lock.o)
__retarget_lock_init                              /usr/lib/gcc/arm-none-eabi/12.1.0/../../../../arm-none-eabi/lib/thumb/v7e-m+fp/softfp/libc_nano.a(lib_a-lock.o)
__retarget_lock_init_recursive                    /usr/lib/gcc/arm-none-eabi/12.1.0/../../../../arm-none-eabi/lib/thumb/v7e-m+fp/softfp/libc_nano.a(lib_a-lock.o)
__retarget_lock_release                           /usr/lib/gcc/arm-none-eabi/12.1.0/../../../../arm-none-eabi/lib/thumb/v7e-m+fp/softfp/libc_nano.a(lib_a-lock.o)
                                                  /usr/lib/gcc/arm-none-eabi/12.1.0/../../../../arm-none-eabi/lib/thumb/v7e-m+fp/softfp/libc_nano.a(lib_a-__atexit.o)
__retarget_lock_release_recursive                 /usr/lib/gcc/arm-none-eabi/12.1.0/../../../../arm-none-eabi/lib/thumb/v7e-m+fp/softfp/libc_nano.a(lib_a-lock.o)
                                                  /usr/lib/gcc/arm-none-eabi/12.1.0/../../../../arm-none-eabi/lib/thumb/v7e-m+fp/softfp/libc_nano.a(lib_a-mlock.o)
                                                  /usr/lib/gcc/arm-none-eabi/12.1.0/../../../../arm-none-eabi/lib/thumb/v7e-m+fp/softfp/libc_nano.a(lib_a-__call_atexit.o)
                                                  /usr/lib/gcc/arm-none-eabi/12.1.0/../../../../arm-none-eabi/lib/thumb/v7e-m+fp/softfp/libc_nano.a(lib_a-__atexit.o)
__retarget_lock_try_acquire                       /usr/lib/gcc/arm-none-eabi/12.1.0/../../../../arm-none-eabi/lib/thumb/v7e-m+fp/softfp/libc_nano.a(lib_a-lock.o)
__retarget_lock_try_acquire_recursive             /usr/lib/gcc/arm-none-eabi/12.1.0/../../../../arm-none-eabi/lib/thumb/v7e-m+fp/softfp/libc_nano.a(lib_a-lock.o)
__sf_fake_stderr                                  /usr/lib/gcc/arm-none-eabi/12.1.0/../../../../arm-none-eabi/lib/thumb/v7e-m+fp/softfp/libc_nano.a(lib_a-impure.o)
__sf_fake_stdin                                   /usr/lib/gcc/arm-none-eabi/12.1.0/../../../../arm-none-eabi/lib/thumb/v7e-m+fp/softfp/libc_nano.a(lib_a-impure.o)
__sf_fake_stdout                                  /usr/lib/gcc/arm-none-eabi/12.1.0/../../../../arm-none-eabi/lib/thumb/v7e-m+fp/softfp/libc_nano.a(lib_a-impure.o)
__ssprint_r                                       /usr/lib/gcc/arm-none-eabi/12.1.0/../../../../arm-none-eabi/lib/thumb/v7e-m+fp/softfp/libc_nano.a(lib_a-nano-svfprintf.o)
__ssputs_r                                        /usr/lib/gcc/arm-none-eabi/12.1.0/../../../../arm-none-eabi/lib/thumb/v7e-m+fp/softfp/libc_nano.a(lib_a-nano-svfprintf.o)
__stack                                           /usr/lib/gcc/arm-none-eabi/12.1.0/../../../../arm-none-eabi/lib/thumb/v7e-m+fp/softfp/crt0.o
_ebss                                             Debug/startup_stm32f411xe.o
_edata                                            Debug/startup_stm32f411xe.o
_estack                                           Debug/startup_stm32f411xe.o
_exit                                             /usr/lib/gcc/arm-none-eabi/12.1.0/../../../../arm-none-eabi/lib/thumb/v7e-m+fp/softfp/libnosys.a(_exit.o)
                                                  /usr/lib/gcc/arm-none-eabi/12.1.0/../../../../arm-none-eabi/lib/thumb/v7e-m+fp/softfp/libc_nano.a(lib_a-exit.o)
_fini                                             /usr/lib/gcc/arm-none-eabi/12.1.0/thumb/v7e-m+fp/softfp/crti.o
                                                  /usr/lib/gcc/arm-none-eabi/12.1.0/../../../../arm-none-eabi/lib/thumb/v7e-m+fp/softfp/libc_nano.a(lib_a-fini.o)
_free_r                                           /usr/lib/gcc/arm-none-eabi/12.1.0/../../../../arm-none-eabi/lib/thumb/v7e-m+fp/softfp/libc_nano.a(lib_a-nano-freer.o)
                                                  /usr/lib/gcc/arm-none-eabi/12.1.0/../../../../arm-none-eabi/lib/thumb/v7e-m+fp/softfp/libc_nano.a(lib_a-reent.o)
                                                  /usr/lib/gcc/arm-none-eabi/12.1.0/../../../../arm-none-eabi/lib/thumb/v7e-m+fp/softfp/libc_nano.a(lib_a-nano-reallocr.o)
                                                  /usr/lib/gcc/arm-none-eabi/12.1.0/../../../../arm-none-eabi/lib/thumb/v7e-m+fp/softfp/libc_nano.a(lib_a-nano-svfprintf.o)
_global_atexit                                    /usr/lib/gcc/arm-none-eabi/12.1.0/../../../../arm-none-eabi/lib/thumb/v7e-m+fp/softfp/libc_nano.a(lib_a-__call_atexit.o)
                                                  /usr/lib/gcc/arm-none-eabi/12.1.0/../../../../arm-none-eabi/lib/thumb/v7e-m+fp/softfp/libc_nano.a(lib_a-__atexit.o)
_global_impure_ptr                                /usr/lib/gcc/arm-none-eabi/12.1.0/../../../../arm-none-eabi/lib/thumb/v7e-m+fp/softfp/libc_nano.a(lib_a-impure.o)
                                                  /usr/lib/gcc/arm-none-eabi/12.1.0/../../../../arm-none-eabi/lib/thumb/v7e-m+fp/softfp/libc_nano.a(lib_a-exit.o)
_impure_ptr                                       /usr/lib/gcc/arm-none-eabi/12.1.0/../../../../arm-none-eabi/lib/thumb/v7e-m+fp/softfp/libc_nano.a(lib_a-impure.o)
                                                  /usr/lib/gcc/arm-none-eabi/12.1.0/../../../../arm-none-eabi/lib/thumb/v7e-m+fp/softfp/libc_nano.a(lib_a-reent.o)
                                                  /usr/lib/gcc/arm-none-eabi/12.1.0/../../../../arm-none-eabi/lib/thumb/v7e-m+fp/softfp/libc_nano.a(lib_a-sprintf.o)
_init                                             /usr/lib/gcc/arm-none-eabi/12.1.0/thumb/v7e-m+fp/softfp/crti.o
                                                  /usr/lib/gcc/arm-none-eabi/12.1.0/../../../../arm-none-eabi/lib/thumb/v7e-m+fp/softfp/libc_nano.a(lib_a-init.o)
_mainCRTStartup                                   /usr/lib/gcc/arm-none-eabi/12.1.0/../../../../arm-none-eabi/lib/thumb/v7e-m+fp/softfp/crt0.o
_malloc_r                                         /usr/lib/gcc/arm-none-eabi/12.1.0/../../../../arm-none-eabi/lib/thumb/v7e-m+fp/softfp/libc_nano.a(lib_a-nano-mallocr.o)
                                                  /usr/lib/gcc/arm-none-eabi/12.1.0/../../../../arm-none-eabi/lib/thumb/v7e-m+fp/softfp/libc_nano.a(lib_a-nano-reallocr.o)
                                                  /usr/lib/gcc/arm-none-eabi/12.1.0/../../../../arm-none-eabi/lib/thumb/v7e-m+fp/softfp/libc_nano.a(lib_a-nano-svfprintf.o)
_malloc_usable_size_r                             /usr/lib/gcc/arm-none-eabi/12.1.0/../../../../arm-none-eabi/lib/thumb/v7e-m+fp/softfp/libc_nano.a(lib_a-nano-msizer.o)
                                                  /usr/lib/gcc/arm-none-eabi/12.1.0/../../../../arm-none-eabi/lib/thumb/v7e-m+fp/softfp/libc_nano.a(lib_a-nano-reallocr.o)
_printf_common                                    /usr/lib/gcc/arm-none-eabi/12.1.0/../../../../arm-none-eabi/lib/thumb/v7e-m+fp/softfp/libc_nano.a(lib_a-nano-vfprintf_i.o)
_printf_float                                     /usr/lib/gcc/arm-none-eabi/12.1.0/../../../../arm-none-eabi/lib/thumb/v7e-m+fp/softfp/libc_nano.a(lib_a-nano-svfprintf.o)
_printf_i                                         /usr/lib/gcc/arm-none-eabi/12.1.0/../../../../arm-none-eabi/lib/thumb/v7e-m+fp/softfp/libc_nano.a(lib_a-nano-vfprintf_i.o)
                                                  /usr/lib/gcc/arm-none-eabi/12.1.0/../../../../arm-none-eabi/lib/thumb/v7e-m+fp/softfp/libc_nano.a(lib_a-nano-svfprintf.o)
_realloc_r                                        /usr/lib/gcc/arm-none-eabi/12.1.0/../../../../arm-none-eabi/lib/thumb/v7e-m+fp/softfp/libc_nano.a(lib_a-nano-reallocr.o)
                                                  /usr/lib/gcc/arm-none-eabi/12.1.0/../../../../arm-none-eabi/lib/thumb/v7e-m+fp/softfp/libc_nano.a(lib_a-nano-svfprintf.o)
_reclaim_reent                                    /usr/lib/gcc/arm-none-eabi/12.1.0/../../../../arm-none-eabi/lib/thumb/v7e-m+fp/softfp/libc_nano.a(lib_a-reent.o)
_sbrk                                             /usr/lib/gcc/arm-none-eabi/12.1.0/../../../../arm-none-eabi/lib/thumb/v7e-m+fp/softfp/libnosys.a(sbrk.o)
                                                  /usr/lib/gcc/arm-none-eabi/12.1.0/../../../../arm-none-eabi/lib/thumb/v7e-m+fp/softfp/libc_nano.a(lib_a-sbrkr.o)
_sbrk_r                                           /usr/lib/gcc/arm-none-eabi/12.1.0/../../../../arm-none-eabi/lib/thumb/v7e-m+fp/softfp/libc_nano.a(lib_a-sbrkr.o)
                                                  /usr/lib/gcc/arm-none-eabi/12.1.0/../../../../arm-none-eabi/lib/thumb/v7e-m+fp/softfp/libc_nano.a(lib_a-nano-mallocr.o)
_sbss                                             Debug/startup_stm32f411xe.o
_sdata                                            Debug/startup_stm32f411xe.o
_sidata                                           Debug/startup_stm32f411xe.o
_siprintf_r                                       /usr/lib/gcc/arm-none-eabi/12.1.0/../../../../arm-none-eabi/lib/thumb/v7e-m+fp/softfp/libc_nano.a(lib_a-sprintf.o)
_sprintf_r                                        /usr/lib/gcc/arm-none-eabi/12.1.0/../../../../arm-none-eabi/lib/thumb/v7e-m+fp/softfp/libc_nano.a(lib_a-sprintf.o)
_stack_init                                       /usr/lib/gcc/arm-none-eabi/12.1.0/../../../../arm-none-eabi/lib/thumb/v7e-m+fp/softfp/crt0.o
_start                                            /usr/lib/gcc/arm-none-eabi/12.1.0/../../../../arm-none-eabi/lib/thumb/v7e-m+fp/softfp/crt0.o
_svfiprintf_r                                     /usr/lib/gcc/arm-none-eabi/12.1.0/../../../../arm-none-eabi/lib/thumb/v7e-m+fp/softfp/libc_nano.a(lib_a-nano-svfprintf.o)
_svfprintf_r                                      /usr/lib/gcc/arm-none-eabi/12.1.0/../../../../arm-none-eabi/lib/thumb/v7e-m+fp/softfp/libc_nano.a(lib_a-nano-svfprintf.o)
                                                  /usr/lib/gcc/arm-none-eabi/12.1.0/../../../../arm-none-eabi/lib/thumb/v7e-m+fp/softfp/libc_nano.a(lib_a-sprintf.o)
atexit                                            /usr/lib/gcc/arm-none-eabi/12.1.0/../../../../arm-none-eabi/lib/thumb/v7e-m+fp/softfp/libc_nano.a(lib_a-atexit.o)
                                                  /usr/lib/gcc/arm-none-eabi/12.1.0/../../../../arm-none-eabi/lib/thumb/v7e-m+fp/softfp/crt0.o
cleanup_glue                                      /usr/lib/gcc/arm-none-eabi/12.1.0/../../../../arm-none-eabi/lib/thumb/v7e-m+fp/softfp/libc_nano.a(lib_a-reent.o)
end                                               /usr/lib/gcc/arm-none-eabi/12.1.0/../../../../arm-none-eabi/lib/thumb/v7e-m+fp/softfp/libnosys.a(sbrk.o)
errno                                             /usr/lib/gcc/arm-none-eabi/12.1.0/../../../../arm-none-eabi/lib/thumb/v7e-m+fp/softfp/libc_nano.a(lib_a-reent.o)
                                                  /usr/lib/gcc/arm-none-eabi/12.1.0/../../../../arm-none-eabi/lib/thumb/v7e-m+fp/softfp/libc_nano.a(lib_a-sbrkr.o)
exit                                              /usr/lib/gcc/arm-none-eabi/12.1.0/../../../../arm-none-eabi/lib/thumb/v7e-m+fp/softfp/libc_nano.a(lib_a-exit.o)
                                                  /usr/lib/gcc/arm-none-eabi/12.1.0/../../../../arm-none-eabi/lib/thumb/v7e-m+fp/softfp/crt0.o
g_pfnVectors                                      Debug/startup_stm32f411xe.o
hardware_init_hook                                /usr/lib/gcc/arm-none-eabi/12.1.0/../../../../arm-none-eabi/lib/thumb/v7e-m+fp/softfp/crt0.o
led_init                                          Debug/uart.o
                                                  Debug/mcu_echo.o
led_off                                           Debug/uart.o
                                                  Debug/mcu_echo.o
led_on                                            Debug/uart.o
                                                  Debug/mcu_echo.o
led_toggle                                        Debug/uart.o
main                                              Debug/mcu_echo.o
                                                  Debug/startup_stm32f411xe.o
                                                  /usr/lib/gcc/arm-none-eabi/12.1.0/../../../../arm-none-eabi/lib/thumb/v7e-m+fp/softfp/crt0.o
malloc                                            /usr/lib/gcc/arm-none-eabi/12.1.0/../../../../arm-none-eabi/lib/thumb/v7e-m+fp/softfp/libc_nano.a(lib_a-__atexit.o)
memchr                                            /usr/lib/gcc/arm-none-eabi/12.1.0/../../../../arm-none-eabi/lib/thumb/v7e-m+fp/softfp/libc_nano.a(lib_a-memchr.o)
                                                  /usr/lib/gcc/arm-none-eabi/12.1.0/../../../../arm-none-eabi/lib/thumb/v7e-m+fp/softfp/libc_nano.a(lib_a-nano-vfprintf_i.o)
                                                  /usr/lib/gcc/arm-none-eabi/12.1.0/../../../../arm-none-eabi/lib/thumb/v7e-m+fp/softfp/libc_nano.a(lib_a-nano-svfprintf.o)
memcpy                                            /usr/lib/gcc/arm-none-eabi/12.1.0/../../../../arm-none-eabi/lib/thumb/v7e-m+fp/softfp/libc_nano.a(lib_a-memcpy-stub.o)
                                                  /usr/lib/gcc/arm-none-eabi/12.1.0/../../../../arm-none-eabi/lib/thumb/v7e-m+fp/softfp/libc_nano.a(lib_a-nano-reallocr.o)
                                                  /usr/lib/gcc/arm-none-eabi/12.1.0/../../../../arm-none-eabi/lib/thumb/v7e-m+fp/softfp/libc_nano.a(lib_a-nano-svfprintf.o)
memmove                                           /usr/lib/gcc/arm-none-eabi/12.1.0/../../../../arm-none-eabi/lib/thumb/v7e-m+fp/softfp/libc_nano.a(lib_a-memmove.o)
                                                  /usr/lib/gcc/arm-none-eabi/12.1.0/../../../../arm-none-eabi/lib/thumb/v7e-m+fp/softfp/libc_nano.a(lib_a-nano-svfprintf.o)
memset                                            /usr/lib/gcc/arm-none-eabi/12.1.0/../../../../arm-none-eabi/lib/thumb/v7e-m+fp/softfp/libc_nano.a(lib_a-memset.o)
                                                  Debug/mcu_echo.o
                                                  /usr/lib/gcc/arm-none-eabi/12.1.0/../../../../arm-none-eabi/lib/thumb/v7e-m+fp/softfp/crt0.o
msg_buffer                                        Debug/uart.o
                                                  Debug/mcu_echo.o
set_sysclk_to_100                                 Debug/system_stm32f4xx.o
                                                  Debug/uart.o
siprintf                                          /usr/lib/gcc/arm-none-eabi/12.1.0/../../../../arm-none-eabi/lib/thumb/v7e-m+fp/softfp/libc_nano.a(lib_a-sprintf.o)
software_init_hook                                /usr/lib/gcc/arm-none-eabi/12.1.0/../../../../arm-none-eabi/lib/thumb/v7e-m+fp/softfp/crt0.o
sprintf                                           /usr/lib/gcc/arm-none-eabi/12.1.0/../../../../arm-none-eabi/lib/thumb/v7e-m+fp/softfp/libc_nano.a(lib_a-sprintf.o)
                                                  Debug/mcu_echo.o
strlen                                            /usr/lib/gcc/arm-none-eabi/12.1.0/../../../../arm-none-eabi/lib/thumb/v7e-m+fp/softfp/libc_nano.a(lib_a-strlen.o)
                                                  Debug/mcu_echo.o
uart_init                                         Debug/uart.o
                                                  Debug/mcu_echo.o
uart_receive                                      Debug/uart.o
                                                  Debug/mcu_echo.o
uart_send                                         Debug/uart.o
                                                  Debug/mcu_echo.o
